[2026-06-09T16:17:31.079+0000] {manager.py:470} INFO - Processing files using up to 2 processes at a time 
[2026-06-09T16:17:31.082+0000] {manager.py:471} INFO - Process each file at most once every 30 seconds
[2026-06-09T16:17:31.084+0000] {manager.py:472} INFO - Checking for new files in /opt/airflow/dags every 300 seconds
[2026-06-09T16:17:31.087+0000] {manager.py:737} INFO - Searching for files in /opt/airflow/dags
[2026-06-09T16:17:31.096+0000] {manager.py:740} INFO - There are 0 files in /opt/airflow/dags
[2026-06-09T16:22:31.533+0000] {manager.py:737} INFO - Searching for files in /opt/airflow/dags
[2026-06-09T16:22:31.542+0000] {manager.py:740} INFO - There are 0 files in /opt/airflow/dags
[2026-06-09T16:25:16.733+0000] {manager.py:452} INFO - Exiting gracefully upon receiving signal 15
[2026-06-09T16:26:02.629+0000] {manager.py:470} INFO - Processing files using up to 2 processes at a time 
[2026-06-09T16:26:02.633+0000] {manager.py:471} INFO - Process each file at most once every 30 seconds
[2026-06-09T16:26:02.637+0000] {manager.py:472} INFO - Checking for new files in /opt/airflow/dags every 300 seconds
[2026-06-09T16:26:02.640+0000] {manager.py:737} INFO - Searching for files in /opt/airflow/dags
[2026-06-09T16:26:02.652+0000] {manager.py:740} INFO - There are 0 files in /opt/airflow/dags
[2026-06-09T16:31:02.745+0000] {manager.py:737} INFO - Searching for files in /opt/airflow/dags
[2026-06-09T16:31:02.758+0000] {manager.py:740} INFO - There are 0 files in /opt/airflow/dags
[2026-06-09T16:36:03.234+0000] {manager.py:737} INFO - Searching for files in /opt/airflow/dags
[2026-06-09T16:36:03.244+0000] {manager.py:740} INFO - There are 0 files in /opt/airflow/dags
[2026-06-09T16:41:03.542+0000] {manager.py:737} INFO - Searching for files in /opt/airflow/dags
[2026-06-09T16:41:03.557+0000] {manager.py:740} INFO - There are 0 files in /opt/airflow/dags
[2026-06-09T16:46:03.584+0000] {manager.py:737} INFO - Searching for files in /opt/airflow/dags
[2026-06-09T16:46:03.592+0000] {manager.py:740} INFO - There are 0 files in /opt/airflow/dags
[2026-06-09T16:51:04.193+0000] {manager.py:737} INFO - Searching for files in /opt/airflow/dags
[2026-06-09T16:51:04.201+0000] {manager.py:740} INFO - There are 0 files in /opt/airflow/dags
[2026-06-09T16:56:05.626+0000] {manager.py:737} INFO - Searching for files in /opt/airflow/dags
[2026-06-09T16:56:05.633+0000] {manager.py:740} INFO - There are 0 files in /opt/airflow/dags
[2026-06-09T17:01:06.018+0000] {manager.py:737} INFO - Searching for files in /opt/airflow/dags
[2026-06-09T17:01:06.029+0000] {manager.py:740} INFO - There are 0 files in /opt/airflow/dags
[2026-06-09T17:06:06.328+0000] {manager.py:737} INFO - Searching for files in /opt/airflow/dags
[2026-06-09T17:06:06.334+0000] {manager.py:740} INFO - There are 0 files in /opt/airflow/dags
[2026-06-09T17:11:06.551+0000] {manager.py:737} INFO - Searching for files in /opt/airflow/dags
[2026-06-09T17:11:06.707+0000] {manager.py:740} INFO - There are 1 files in /opt/airflow/dags
[2026-06-09T17:11:08.329+0000] {manager.py:878} INFO - 
================================================================================
DAG File Processing Stats

File Path                          PID  Runtime      # DAGs    # Errors  Last Runtime    Last Run
-------------------------------  -----  ---------  --------  ----------  --------------  ----------
/opt/airflow/dags/scrape_dag.py    163  0.07s             0           0
================================================================================
[2026-06-09T17:11:39.308+0000] {manager.py:878} INFO - 
================================================================================
DAG File Processing Stats

File Path                        PID    Runtime      # DAGs    # Errors  Last Runtime    Last Run
-------------------------------  -----  ---------  --------  ----------  --------------  -------------------
/opt/airflow/dags/scrape_dag.py                           1           0  4.09s           2026-06-09T17:11:12
================================================================================
[2026-06-09T17:12:10.507+0000] {manager.py:878} INFO - 
================================================================================
DAG File Processing Stats

File Path                        PID    Runtime      # DAGs    # Errors  Last Runtime    Last Run
-------------------------------  -----  ---------  --------  ----------  --------------  -------------------
/opt/airflow/dags/scrape_dag.py                           1           0  0.25s           2026-06-09T17:11:42
================================================================================
[2026-06-09T17:12:41.747+0000] {manager.py:878} INFO - 
================================================================================
DAG File Processing Stats

File Path                        PID    Runtime      # DAGs    # Errors  Last Runtime    Last Run
-------------------------------  -----  ---------  --------  ----------  --------------  -------------------
/opt/airflow/dags/scrape_dag.py                           1           0  0.40s           2026-06-09T17:12:13
================================================================================
[2026-06-09T17:13:13.239+0000] {manager.py:878} INFO - 
================================================================================
DAG File Processing Stats

File Path                        PID    Runtime      # DAGs    # Errors  Last Runtime    Last Run
-------------------------------  -----  ---------  --------  ----------  --------------  -------------------
/opt/airflow/dags/scrape_dag.py                           1           0  0.37s           2026-06-09T17:12:43
================================================================================
[2026-06-09T17:13:44.301+0000] {manager.py:878} INFO - 
================================================================================
DAG File Processing Stats

File Path                          PID  Runtime      # DAGs    # Errors  Last Runtime    Last Run
-------------------------------  -----  ---------  --------  ----------  --------------  -------------------
/opt/airflow/dags/scrape_dag.py    188  0.01s             1           0  0.24s           2026-06-09T17:13:13
================================================================================
[2026-06-09T17:14:15.984+0000] {manager.py:878} INFO - 
================================================================================
DAG File Processing Stats

File Path                        PID    Runtime      # DAGs    # Errors  Last Runtime    Last Run
-------------------------------  -----  ---------  --------  ----------  --------------  -------------------
/opt/airflow/dags/scrape_dag.py                           1           0  0.22s           2026-06-09T17:14:15
================================================================================
[2026-06-09T17:14:47.295+0000] {manager.py:878} INFO - 
================================================================================
DAG File Processing Stats

File Path                        PID    Runtime      # DAGs    # Errors  Last Runtime    Last Run
-------------------------------  -----  ---------  --------  ----------  --------------  -------------------
/opt/airflow/dags/scrape_dag.py                           1           0  0.23s           2026-06-09T17:14:45
================================================================================
[2026-06-09T17:15:18.140+0000] {manager.py:878} INFO - 
================================================================================
DAG File Processing Stats

File Path                        PID    Runtime      # DAGs    # Errors  Last Runtime    Last Run
-------------------------------  -----  ---------  --------  ----------  --------------  -------------------
/opt/airflow/dags/scrape_dag.py                           1           0  0.53s           2026-06-09T17:15:16
================================================================================
[2026-06-09T17:15:49.270+0000] {manager.py:878} INFO - 
================================================================================
DAG File Processing Stats

File Path                        PID    Runtime      # DAGs    # Errors  Last Runtime    Last Run
-------------------------------  -----  ---------  --------  ----------  --------------  -------------------
/opt/airflow/dags/scrape_dag.py                           1           0  0.25s           2026-06-09T17:15:46
================================================================================
[2026-06-09T17:16:06.651+0000] {manager.py:737} INFO - Searching for files in /opt/airflow/dags
[2026-06-09T17:16:06.697+0000] {manager.py:740} INFO - There are 1 files in /opt/airflow/dags
[2026-06-09T17:16:20.650+0000] {manager.py:878} INFO - 
================================================================================
DAG File Processing Stats

File Path                        PID    Runtime      # DAGs    # Errors  Last Runtime    Last Run
-------------------------------  -----  ---------  --------  ----------  --------------  -------------------
/opt/airflow/dags/scrape_dag.py                           1           0  0.23s           2026-06-09T17:16:16
================================================================================
[2026-06-09T17:16:51.940+0000] {manager.py:878} INFO - 
================================================================================
DAG File Processing Stats

File Path                        PID    Runtime      # DAGs    # Errors  Last Runtime    Last Run
-------------------------------  -----  ---------  --------  ----------  --------------  -------------------
/opt/airflow/dags/scrape_dag.py                           1           0  0.22s           2026-06-09T17:16:47
================================================================================
[2026-06-09T17:17:23.230+0000] {manager.py:878} INFO - 
================================================================================
DAG File Processing Stats

File Path                        PID    Runtime      # DAGs    # Errors  Last Runtime    Last Run
-------------------------------  -----  ---------  --------  ----------  --------------  -------------------
/opt/airflow/dags/scrape_dag.py                           1           0  0.23s           2026-06-09T17:17:17
================================================================================
[2026-06-09T17:17:54.072+0000] {manager.py:878} INFO - 
================================================================================
DAG File Processing Stats

File Path                        PID    Runtime      # DAGs    # Errors  Last Runtime    Last Run
-------------------------------  -----  ---------  --------  ----------  --------------  -------------------
/opt/airflow/dags/scrape_dag.py                           1           0  0.23s           2026-06-09T17:17:48
================================================================================
[2026-06-09T17:18:25.590+0000] {manager.py:878} INFO - 
================================================================================
DAG File Processing Stats

File Path                        PID    Runtime      # DAGs    # Errors  Last Runtime    Last Run
-------------------------------  -----  ---------  --------  ----------  --------------  -------------------
/opt/airflow/dags/scrape_dag.py                           1           0  0.26s           2026-06-09T17:18:18
================================================================================
[2026-06-09T17:18:56.514+0000] {manager.py:878} INFO - 
================================================================================
DAG File Processing Stats

File Path                        PID    Runtime      # DAGs    # Errors  Last Runtime    Last Run
-------------------------------  -----  ---------  --------  ----------  --------------  -------------------
/opt/airflow/dags/scrape_dag.py                           1           0  0.23s           2026-06-09T17:18:49
================================================================================
[2026-06-09T17:19:27.998+0000] {manager.py:878} INFO - 
================================================================================
DAG File Processing Stats

File Path                        PID    Runtime      # DAGs    # Errors  Last Runtime    Last Run
-------------------------------  -----  ---------  --------  ----------  --------------  -------------------
/opt/airflow/dags/scrape_dag.py                           1           0  0.25s           2026-06-09T17:19:20
================================================================================
[2026-06-09T17:19:59.389+0000] {manager.py:878} INFO - 
================================================================================
DAG File Processing Stats

File Path                        PID    Runtime      # DAGs    # Errors  Last Runtime    Last Run
-------------------------------  -----  ---------  --------  ----------  --------------  -------------------
/opt/airflow/dags/scrape_dag.py                           1           0  0.24s           2026-06-09T17:19:50
================================================================================
[2026-06-09T17:20:30.690+0000] {manager.py:878} INFO - 
================================================================================
DAG File Processing Stats

File Path                        PID    Runtime      # DAGs    # Errors  Last Runtime    Last Run
-------------------------------  -----  ---------  --------  ----------  --------------  -------------------
/opt/airflow/dags/scrape_dag.py                           1           0  0.22s           2026-06-09T17:20:20
================================================================================
[2026-06-09T17:21:01.973+0000] {manager.py:878} INFO - 
================================================================================
DAG File Processing Stats

File Path                        PID    Runtime      # DAGs    # Errors  Last Runtime    Last Run
-------------------------------  -----  ---------  --------  ----------  --------------  -------------------
/opt/airflow/dags/scrape_dag.py                           1           0  0.25s           2026-06-09T17:20:51
================================================================================
[2026-06-09T17:21:07.018+0000] {manager.py:737} INFO - Searching for files in /opt/airflow/dags
[2026-06-09T17:21:07.054+0000] {manager.py:740} INFO - There are 1 files in /opt/airflow/dags
[2026-06-09T17:21:33.300+0000] {manager.py:878} INFO - 
================================================================================
DAG File Processing Stats

File Path                        PID    Runtime      # DAGs    # Errors  Last Runtime    Last Run
-------------------------------  -----  ---------  --------  ----------  --------------  -------------------
/opt/airflow/dags/scrape_dag.py                           1           0  0.30s           2026-06-09T17:21:21
================================================================================
[2026-06-09T17:22:04.790+0000] {manager.py:878} INFO - 
================================================================================
DAG File Processing Stats

File Path                        PID    Runtime      # DAGs    # Errors  Last Runtime    Last Run
-------------------------------  -----  ---------  --------  ----------  --------------  -------------------
/opt/airflow/dags/scrape_dag.py                           1           0  0.25s           2026-06-09T17:21:52
================================================================================
[2026-06-09T17:22:35.709+0000] {manager.py:878} INFO - 
================================================================================
DAG File Processing Stats

File Path                        PID    Runtime      # DAGs    # Errors  Last Runtime    Last Run
-------------------------------  -----  ---------  --------  ----------  --------------  -------------------
/opt/airflow/dags/scrape_dag.py                           1           0  0.23s           2026-06-09T17:22:22
================================================================================
[2026-06-09T17:23:06.820+0000] {manager.py:878} INFO - 
================================================================================
DAG File Processing Stats

File Path                        PID    Runtime      # DAGs    # Errors  Last Runtime    Last Run
-------------------------------  -----  ---------  --------  ----------  --------------  -------------------
/opt/airflow/dags/scrape_dag.py                           1           0  0.29s           2026-06-09T17:22:52
================================================================================
[2026-06-09T17:23:37.937+0000] {manager.py:878} INFO - 
================================================================================
DAG File Processing Stats

File Path                        PID    Runtime      # DAGs    # Errors  Last Runtime    Last Run
-------------------------------  -----  ---------  --------  ----------  --------------  -------------------
/opt/airflow/dags/scrape_dag.py                           1           0  1.02s           2026-06-09T17:23:24
================================================================================
[2026-06-09T17:24:08.852+0000] {manager.py:878} INFO - 
================================================================================
DAG File Processing Stats

File Path                        PID    Runtime      # DAGs    # Errors  Last Runtime    Last Run
-------------------------------  -----  ---------  --------  ----------  --------------  -------------------
/opt/airflow/dags/scrape_dag.py                           1           0  0.36s           2026-06-09T17:23:54
================================================================================
[2026-06-09T17:24:40.122+0000] {manager.py:878} INFO - 
================================================================================
DAG File Processing Stats

File Path                        PID    Runtime      # DAGs    # Errors  Last Runtime    Last Run
-------------------------------  -----  ---------  --------  ----------  --------------  -------------------
/opt/airflow/dags/scrape_dag.py                           1           0  1.77s           2026-06-09T17:24:27
================================================================================
[2026-06-09T17:25:10.724+0000] {manager.py:878} INFO - 
================================================================================
DAG File Processing Stats

File Path                        PID    Runtime      # DAGs    # Errors  Last Runtime    Last Run
-------------------------------  -----  ---------  --------  ----------  --------------  -------------------
/opt/airflow/dags/scrape_dag.py                           1           0  2.27s           2026-06-09T17:24:59
================================================================================
[2026-06-09T17:25:41.575+0000] {manager.py:878} INFO - 
================================================================================
DAG File Processing Stats

File Path                        PID    Runtime      # DAGs    # Errors  Last Runtime    Last Run
-------------------------------  -----  ---------  --------  ----------  --------------  -------------------
/opt/airflow/dags/scrape_dag.py                           1           0  2.47s           2026-06-09T17:25:32
================================================================================
[2026-06-09T17:26:07.113+0000] {manager.py:737} INFO - Searching for files in /opt/airflow/dags
[2026-06-09T17:26:07.566+0000] {manager.py:740} INFO - There are 1 files in /opt/airflow/dags
[2026-06-09T17:26:12.832+0000] {manager.py:878} INFO - 
================================================================================
DAG File Processing Stats

File Path                        PID    Runtime      # DAGs    # Errors  Last Runtime    Last Run
-------------------------------  -----  ---------  --------  ----------  --------------  -------------------
/opt/airflow/dags/scrape_dag.py                           1           0  1.31s           2026-06-09T17:26:04
================================================================================
[2026-06-09T17:26:43.815+0000] {manager.py:878} INFO - 
================================================================================
DAG File Processing Stats

File Path                        PID    Runtime      # DAGs    # Errors  Last Runtime    Last Run
-------------------------------  -----  ---------  --------  ----------  --------------  -------------------
/opt/airflow/dags/scrape_dag.py                           1           0  0.36s           2026-06-09T17:26:35
================================================================================
[2026-06-09T17:27:15.291+0000] {manager.py:878} INFO - 
================================================================================
DAG File Processing Stats

File Path                        PID    Runtime      # DAGs    # Errors  Last Runtime    Last Run
-------------------------------  -----  ---------  --------  ----------  --------------  -------------------
/opt/airflow/dags/scrape_dag.py                           1           0  1.31s           2026-06-09T17:27:06
================================================================================
[2026-06-09T17:27:46.606+0000] {manager.py:878} INFO - 
================================================================================
DAG File Processing Stats

File Path                        PID    Runtime      # DAGs    # Errors  Last Runtime    Last Run
-------------------------------  -----  ---------  --------  ----------  --------------  -------------------
/opt/airflow/dags/scrape_dag.py                           1           0  0.35s           2026-06-09T17:27:36
================================================================================
[2026-06-09T17:28:18.013+0000] {manager.py:878} INFO - 
================================================================================
DAG File Processing Stats

File Path                        PID    Runtime      # DAGs    # Errors  Last Runtime    Last Run
-------------------------------  -----  ---------  --------  ----------  --------------  -------------------
/opt/airflow/dags/scrape_dag.py                           1           0  0.33s           2026-06-09T17:28:07
================================================================================
[2026-06-09T17:28:48.697+0000] {manager.py:878} INFO - 
================================================================================
DAG File Processing Stats

File Path                        PID    Runtime      # DAGs    # Errors  Last Runtime    Last Run
-------------------------------  -----  ---------  --------  ----------  --------------  -------------------
/opt/airflow/dags/scrape_dag.py                           1           0  0.29s           2026-06-09T17:28:37
================================================================================
[2026-06-09T17:29:19.343+0000] {manager.py:878} INFO - 
================================================================================
DAG File Processing Stats

File Path                        PID    Runtime      # DAGs    # Errors  Last Runtime    Last Run
-------------------------------  -----  ---------  --------  ----------  --------------  -------------------
/opt/airflow/dags/scrape_dag.py                           1           0  0.27s           2026-06-09T17:29:08
================================================================================
[2026-06-09T17:29:50.821+0000] {manager.py:878} INFO - 
================================================================================
DAG File Processing Stats

File Path                        PID    Runtime      # DAGs    # Errors  Last Runtime    Last Run
-------------------------------  -----  ---------  --------  ----------  --------------  -------------------
/opt/airflow/dags/scrape_dag.py                           1           0  0.37s           2026-06-09T17:29:38
================================================================================
[2026-06-09T17:30:21.712+0000] {manager.py:878} INFO - 
================================================================================
DAG File Processing Stats

File Path                        PID    Runtime      # DAGs    # Errors  Last Runtime    Last Run
-------------------------------  -----  ---------  --------  ----------  --------------  -------------------
/opt/airflow/dags/scrape_dag.py                           1           0  0.33s           2026-06-09T17:30:09
================================================================================
[2026-06-09T17:30:52.867+0000] {manager.py:878} INFO - 
================================================================================
DAG File Processing Stats

File Path                        PID    Runtime      # DAGs    # Errors  Last Runtime    Last Run
-------------------------------  -----  ---------  --------  ----------  --------------  -------------------
/opt/airflow/dags/scrape_dag.py                           1           0  0.24s           2026-06-09T17:30:40
================================================================================
[2026-06-09T17:31:07.395+0000] {manager.py:737} INFO - Searching for files in /opt/airflow/dags
[2026-06-09T17:31:07.513+0000] {manager.py:740} INFO - There are 2 files in /opt/airflow/dags
[2026-06-09T17:31:23.895+0000] {manager.py:878} INFO - 
================================================================================
DAG File Processing Stats

File Path                        PID    Runtime      # DAGs    # Errors  Last Runtime    Last Run
-------------------------------  -----  ---------  --------  ----------  --------------  -------------------
/opt/airflow/dags/clean_dag.py                            1           0  2.14s           2026-06-09T17:31:09
/opt/airflow/dags/scrape_dag.py                           1           0  0.30s           2026-06-09T17:31:12
================================================================================
[2026-06-09T17:31:54.613+0000] {manager.py:878} INFO - 
================================================================================
DAG File Processing Stats

File Path                        PID    Runtime      # DAGs    # Errors  Last Runtime    Last Run
-------------------------------  -----  ---------  --------  ----------  --------------  -------------------
/opt/airflow/dags/scrape_dag.py                           1           0  0.56s           2026-06-09T17:31:42
/opt/airflow/dags/clean_dag.py                            1           0  0.49s           2026-06-09T17:31:40
================================================================================
[2026-06-09T17:32:25.174+0000] {manager.py:878} INFO - 
================================================================================
DAG File Processing Stats

File Path                        PID    Runtime      # DAGs    # Errors  Last Runtime    Last Run
-------------------------------  -----  ---------  --------  ----------  --------------  -------------------
/opt/airflow/dags/scrape_dag.py                           1           0  0.65s           2026-06-09T17:32:13
/opt/airflow/dags/clean_dag.py                            1           0  0.30s           2026-06-09T17:32:10
================================================================================
[2026-06-09T17:32:55.858+0000] {manager.py:878} INFO - 
================================================================================
DAG File Processing Stats

File Path                        PID    Runtime      # DAGs    # Errors  Last Runtime    Last Run
-------------------------------  -----  ---------  --------  ----------  --------------  -------------------
/opt/airflow/dags/clean_dag.py                            1           0  0.34s           2026-06-09T17:32:41
/opt/airflow/dags/scrape_dag.py                           1           0  0.29s           2026-06-09T17:32:44
================================================================================
[2026-06-09T17:33:26.852+0000] {manager.py:878} INFO - 
================================================================================
DAG File Processing Stats

File Path                        PID    Runtime      # DAGs    # Errors  Last Runtime    Last Run
-------------------------------  -----  ---------  --------  ----------  --------------  -------------------
/opt/airflow/dags/scrape_dag.py                           1           0  0.29s           2026-06-09T17:33:15
/opt/airflow/dags/clean_dag.py                            1           0  0.29s           2026-06-09T17:33:12
================================================================================
[2026-06-09T17:33:57.747+0000] {manager.py:878} INFO - 
================================================================================
DAG File Processing Stats

File Path                        PID    Runtime      # DAGs    # Errors  Last Runtime    Last Run
-------------------------------  -----  ---------  --------  ----------  --------------  -------------------
/opt/airflow/dags/clean_dag.py                            1           0  0.27s           2026-06-09T17:33:43
/opt/airflow/dags/scrape_dag.py                           1           0  0.26s           2026-06-09T17:33:45
================================================================================
[2026-06-09T17:34:29.407+0000] {manager.py:878} INFO - 
================================================================================
DAG File Processing Stats

File Path                        PID    Runtime      # DAGs    # Errors  Last Runtime    Last Run
-------------------------------  -----  ---------  --------  ----------  --------------  -------------------
/opt/airflow/dags/clean_dag.py                            1           0  0.25s           2026-06-09T17:34:14
/opt/airflow/dags/scrape_dag.py                           1           0  0.24s           2026-06-09T17:34:16
================================================================================
[2026-06-09T17:35:00.013+0000] {manager.py:878} INFO - 
================================================================================
DAG File Processing Stats

File Path                        PID    Runtime      # DAGs    # Errors  Last Runtime    Last Run
-------------------------------  -----  ---------  --------  ----------  --------------  -------------------
/opt/airflow/dags/clean_dag.py                            1           0  0.31s           2026-06-09T17:34:44
/opt/airflow/dags/scrape_dag.py                           1           0  0.25s           2026-06-09T17:34:47
================================================================================
[2026-06-09T17:35:31.073+0000] {manager.py:878} INFO - 
================================================================================
DAG File Processing Stats

File Path                        PID    Runtime      # DAGs    # Errors  Last Runtime    Last Run
-------------------------------  -----  ---------  --------  ----------  --------------  -------------------
/opt/airflow/dags/clean_dag.py                            1           0  0.34s           2026-06-09T17:35:15
/opt/airflow/dags/scrape_dag.py                           1           0  0.24s           2026-06-09T17:35:18
================================================================================
[2026-06-09T17:36:01.674+0000] {manager.py:878} INFO - 
================================================================================
DAG File Processing Stats

File Path                        PID    Runtime      # DAGs    # Errors  Last Runtime    Last Run
-------------------------------  -----  ---------  --------  ----------  --------------  -------------------
/opt/airflow/dags/clean_dag.py                            1           0  0.47s           2026-06-09T17:35:46
/opt/airflow/dags/scrape_dag.py                           1           0  0.24s           2026-06-09T17:35:48
================================================================================
[2026-06-09T17:36:07.739+0000] {manager.py:737} INFO - Searching for files in /opt/airflow/dags
[2026-06-09T17:36:07.805+0000] {manager.py:740} INFO - There are 2 files in /opt/airflow/dags
[2026-06-09T17:36:32.598+0000] {manager.py:878} INFO - 
================================================================================
DAG File Processing Stats

File Path                        PID    Runtime      # DAGs    # Errors  Last Runtime    Last Run
-------------------------------  -----  ---------  --------  ----------  --------------  -------------------
/opt/airflow/dags/clean_dag.py                            1           0  0.48s           2026-06-09T17:36:17
/opt/airflow/dags/scrape_dag.py                           1           0  0.29s           2026-06-09T17:36:19
================================================================================
[2026-06-09T17:37:03.470+0000] {manager.py:878} INFO - 
================================================================================
DAG File Processing Stats

File Path                        PID    Runtime      # DAGs    # Errors  Last Runtime    Last Run
-------------------------------  -----  ---------  --------  ----------  --------------  -------------------
/opt/airflow/dags/scrape_dag.py                           1           0  0.31s           2026-06-09T17:36:50
/opt/airflow/dags/clean_dag.py                            1           0  0.26s           2026-06-09T17:36:48
================================================================================
[2026-06-09T17:37:34.300+0000] {manager.py:878} INFO - 
================================================================================
DAG File Processing Stats

File Path                        PID    Runtime      # DAGs    # Errors  Last Runtime    Last Run
-------------------------------  -----  ---------  --------  ----------  --------------  -------------------
/opt/airflow/dags/scrape_dag.py                           1           0  0.26s           2026-06-09T17:37:21
/opt/airflow/dags/clean_dag.py                            1           0  0.25s           2026-06-09T17:37:19
================================================================================
[2026-06-09T17:38:05.152+0000] {manager.py:878} INFO - 
================================================================================
DAG File Processing Stats

File Path                        PID    Runtime      # DAGs    # Errors  Last Runtime    Last Run
-------------------------------  -----  ---------  --------  ----------  --------------  -------------------
/opt/airflow/dags/scrape_dag.py                           1           0  0.31s           2026-06-09T17:37:52
/opt/airflow/dags/clean_dag.py                            1           0  0.24s           2026-06-09T17:37:49
================================================================================
[2026-06-09T17:38:36.030+0000] {manager.py:878} INFO - 
================================================================================
DAG File Processing Stats

File Path                        PID    Runtime      # DAGs    # Errors  Last Runtime    Last Run
-------------------------------  -----  ---------  --------  ----------  --------------  -------------------
/opt/airflow/dags/scrape_dag.py                           1           0  0.33s           2026-06-09T17:38:23
/opt/airflow/dags/clean_dag.py                            1           0  0.26s           2026-06-09T17:38:20
================================================================================
[2026-06-09T17:39:06.931+0000] {manager.py:878} INFO - 
================================================================================
DAG File Processing Stats

File Path                        PID    Runtime      # DAGs    # Errors  Last Runtime    Last Run
-------------------------------  -----  ---------  --------  ----------  --------------  -------------------
/opt/airflow/dags/scrape_dag.py                           1           0  0.28s           2026-06-09T17:38:53
/opt/airflow/dags/clean_dag.py                            1           0  0.25s           2026-06-09T17:38:51
================================================================================
[2026-06-09T17:39:37.780+0000] {manager.py:878} INFO - 
================================================================================
DAG File Processing Stats

File Path                        PID    Runtime      # DAGs    # Errors  Last Runtime    Last Run
-------------------------------  -----  ---------  --------  ----------  --------------  -------------------
/opt/airflow/dags/clean_dag.py                            1           0  0.25s           2026-06-09T17:39:22
/opt/airflow/dags/scrape_dag.py                           1           0  0.23s           2026-06-09T17:39:24
================================================================================
[2026-06-09T17:40:08.450+0000] {manager.py:878} INFO - 
================================================================================
DAG File Processing Stats

File Path                        PID    Runtime      # DAGs    # Errors  Last Runtime    Last Run
-------------------------------  -----  ---------  --------  ----------  --------------  -------------------
/opt/airflow/dags/scrape_dag.py                           1           0  0.48s           2026-06-09T17:39:55
/opt/airflow/dags/clean_dag.py                            1           0  0.44s           2026-06-09T17:39:53
================================================================================
[2026-06-09T17:40:39.075+0000] {manager.py:878} INFO - 
================================================================================
DAG File Processing Stats

File Path                        PID    Runtime      # DAGs    # Errors  Last Runtime    Last Run
-------------------------------  -----  ---------  --------  ----------  --------------  -------------------
/opt/airflow/dags/clean_dag.py                            1           0  0.70s           2026-06-09T17:40:25
/opt/airflow/dags/scrape_dag.py                           1           0  0.48s           2026-06-09T17:40:25
================================================================================
[2026-06-09T17:41:08.184+0000] {manager.py:737} INFO - Searching for files in /opt/airflow/dags
[2026-06-09T17:41:08.239+0000] {manager.py:740} INFO - There are 2 files in /opt/airflow/dags
[2026-06-09T17:41:09.519+0000] {manager.py:878} INFO - 
================================================================================
DAG File Processing Stats

File Path                        PID    Runtime      # DAGs    # Errors  Last Runtime    Last Run
-------------------------------  -----  ---------  --------  ----------  --------------  -------------------
/opt/airflow/dags/clean_dag.py                            1           0  0.58s           2026-06-09T17:40:56
/opt/airflow/dags/scrape_dag.py                           1           0  0.38s           2026-06-09T17:40:56
================================================================================
[2026-06-09T17:41:40.201+0000] {manager.py:878} INFO - 
================================================================================
DAG File Processing Stats

File Path                        PID    Runtime      # DAGs    # Errors  Last Runtime    Last Run
-------------------------------  -----  ---------  --------  ----------  --------------  -------------------
/opt/airflow/dags/clean_dag.py                            1           0  0.34s           2026-06-09T17:41:27
/opt/airflow/dags/scrape_dag.py                           1           0  0.33s           2026-06-09T17:41:27
================================================================================
