[2026-06-09T17:32:00.687+0000] {local_task_job_runner.py:120} INFO - ::group::Pre task execution logs
[2026-06-09T17:32:00.771+0000] {taskinstance.py:2076} INFO - Dependencies all met for dep_context=non-requeueable deps ti=<TaskInstance: headline_cleaner.verify_cleaned manual__2026-06-09T17:31:41.545376+00:00 [queued]>
[2026-06-09T17:32:00.794+0000] {taskinstance.py:2076} INFO - Dependencies all met for dep_context=requeueable deps ti=<TaskInstance: headline_cleaner.verify_cleaned manual__2026-06-09T17:31:41.545376+00:00 [queued]>
[2026-06-09T17:32:00.800+0000] {taskinstance.py:2306} INFO - Starting attempt 1 of 1
[2026-06-09T17:32:00.890+0000] {taskinstance.py:2330} INFO - Executing <Task(PythonOperator): verify_cleaned> on 2026-06-09 17:31:41.545376+00:00
[2026-06-09T17:32:00.910+0000] {standard_task_runner.py:90} INFO - Running: ['***', 'tasks', 'run', 'headline_cleaner', 'verify_cleaned', 'manual__2026-06-09T17:31:41.545376+00:00', '--job-id', '15', '--raw', '--subdir', 'DAGS_FOLDER/clean_dag.py', '--cfg-path', '/tmp/tmpf4cz_ayj']
[2026-06-09T17:32:00.917+0000] {standard_task_runner.py:91} INFO - Job 15: Subtask verify_cleaned
[2026-06-09T17:32:00.920+0000] {logging_mixin.py:188} WARNING - /home/***/.local/lib/python3.12/site-packages/***/task/task_runner/standard_task_runner.py:61 DeprecationWarning: This process (pid=402) is multi-threaded, use of fork() may lead to deadlocks in the child.
[2026-06-09T17:32:00.922+0000] {standard_task_runner.py:63} INFO - Started process 403 to run task
[2026-06-09T17:32:01.102+0000] {task_command.py:426} INFO - Running <TaskInstance: headline_cleaner.verify_cleaned manual__2026-06-09T17:31:41.545376+00:00 [running]> on host 53ba24640508
[2026-06-09T17:32:01.491+0000] {taskinstance.py:2648} INFO - Exporting env vars: AIRFLOW_CTX_DAG_OWNER='***' AIRFLOW_CTX_DAG_ID='headline_cleaner' AIRFLOW_CTX_TASK_ID='verify_cleaned' AIRFLOW_CTX_EXECUTION_DATE='2026-06-09T17:31:41.545376+00:00' AIRFLOW_CTX_TRY_NUMBER='1' AIRFLOW_CTX_DAG_RUN_ID='manual__2026-06-09T17:31:41.545376+00:00'
[2026-06-09T17:32:01.493+0000] {taskinstance.py:430} INFO - ::endgroup::
[2026-06-09T17:32:01.556+0000] {logging_mixin.py:188} INFO - Cleaned file has 32 rows
[2026-06-09T17:32:01.557+0000] {logging_mixin.py:188} INFO - First 3 cleaned titles:
[2026-06-09T17:32:01.558+0000] {logging_mixin.py:188} INFO -   → Trump says Iran shot down US helicopter and vows to respond
[2026-06-09T17:32:01.559+0000] {logging_mixin.py:188} INFO -   → Men jailed for violence at Henry Nowak police protest
[2026-06-09T17:32:01.559+0000] {logging_mixin.py:188} INFO -   → Israeli air strikes hit Lebanese city of Tyre despite Iranian warning to stop attacks
[2026-06-09T17:32:01.560+0000] {python.py:237} INFO - Done. Returned value was: 32
[2026-06-09T17:32:01.561+0000] {taskinstance.py:441} INFO - ::group::Post task execution logs
[2026-06-09T17:32:01.626+0000] {taskinstance.py:1206} INFO - Marking task as SUCCESS. dag_id=headline_cleaner, task_id=verify_cleaned, run_id=manual__2026-06-09T17:31:41.545376+00:00, execution_date=20260609T173141, start_date=20260609T173200, end_date=20260609T173201
[2026-06-09T17:32:01.711+0000] {local_task_job_runner.py:240} INFO - Task exited with return code 0
[2026-06-09T17:32:01.747+0000] {taskinstance.py:3498} INFO - 0 downstream tasks scheduled from follow-on schedule check
[2026-06-09T17:32:01.762+0000] {local_task_job_runner.py:222} INFO - ::endgroup::
