[2026-06-09T17:25:36.558+0000] {local_task_job_runner.py:120} INFO - ::group::Pre task execution logs
[2026-06-09T17:25:37.319+0000] {taskinstance.py:2076} INFO - Dependencies all met for dep_context=non-requeueable deps ti=<TaskInstance: news_scraper.scrape_headlines scheduled__2026-06-08T00:00:00+00:00 [queued]>
[2026-06-09T17:25:37.430+0000] {taskinstance.py:2076} INFO - Dependencies all met for dep_context=requeueable deps ti=<TaskInstance: news_scraper.scrape_headlines scheduled__2026-06-08T00:00:00+00:00 [queued]>
[2026-06-09T17:25:37.434+0000] {taskinstance.py:2306} INFO - Starting attempt 1 of 1
[2026-06-09T17:25:37.593+0000] {taskinstance.py:2330} INFO - Executing <Task(PythonOperator): scrape_headlines> on 2026-06-08 00:00:00+00:00
[2026-06-09T17:25:37.825+0000] {logging_mixin.py:188} WARNING - /home/***/.local/lib/python3.12/site-packages/***/task/task_runner/standard_task_runner.py:61 DeprecationWarning: This process (pid=308) is multi-threaded, use of fork() may lead to deadlocks in the child.
[2026-06-09T17:25:37.736+0000] {standard_task_runner.py:90} INFO - Running: ['***', 'tasks', 'run', 'news_scraper', 'scrape_headlines', 'scheduled__2026-06-08T00:00:00+00:00', '--job-id', '3', '--raw', '--subdir', 'DAGS_FOLDER/scrape_dag.py', '--cfg-path', '/tmp/tmp8nd0as0n']
[2026-06-09T17:25:37.872+0000] {standard_task_runner.py:63} INFO - Started process 311 to run task
[2026-06-09T17:25:37.875+0000] {standard_task_runner.py:91} INFO - Job 3: Subtask scrape_headlines
[2026-06-09T17:25:39.487+0000] {task_command.py:426} INFO - Running <TaskInstance: news_scraper.scrape_headlines scheduled__2026-06-08T00:00:00+00:00 [running]> on host 53ba24640508
[2026-06-09T17:25:40.896+0000] {taskinstance.py:2648} INFO - Exporting env vars: AIRFLOW_CTX_DAG_OWNER='***' AIRFLOW_CTX_DAG_ID='news_scraper' AIRFLOW_CTX_TASK_ID='scrape_headlines' AIRFLOW_CTX_EXECUTION_DATE='2026-06-08T00:00:00+00:00' AIRFLOW_CTX_TRY_NUMBER='1' AIRFLOW_CTX_DAG_RUN_ID='scheduled__2026-06-08T00:00:00+00:00'
[2026-06-09T17:25:40.929+0000] {taskinstance.py:430} INFO - ::endgroup::
[2026-06-09T17:25:41.363+0000] {logging_mixin.py:188} INFO - Fetching RSS feed from: http://feeds.bbci.co.uk/news/rss.xml
[2026-06-09T17:25:44.179+0000] {logging_mixin.py:188} INFO - Found 33 headlines
[2026-06-09T17:25:44.204+0000] {logging_mixin.py:188} INFO - Saved 33 headlines to /opt/***/data/raw/headlines_2026-06-08.csv
[2026-06-09T17:25:44.224+0000] {python.py:237} INFO - Done. Returned value was: /opt/***/data/raw/headlines_2026-06-08.csv
[2026-06-09T17:25:44.226+0000] {taskinstance.py:441} INFO - ::group::Post task execution logs
[2026-06-09T17:25:44.406+0000] {taskinstance.py:1206} INFO - Marking task as SUCCESS. dag_id=news_scraper, task_id=scrape_headlines, run_id=scheduled__2026-06-08T00:00:00+00:00, execution_date=20260608T000000, start_date=20260609T172537, end_date=20260609T172544
[2026-06-09T17:25:44.605+0000] {local_task_job_runner.py:240} INFO - Task exited with return code 0
[2026-06-09T17:25:44.769+0000] {taskinstance.py:3498} INFO - 1 downstream tasks scheduled from follow-on schedule check
[2026-06-09T17:25:44.784+0000] {local_task_job_runner.py:222} INFO - ::endgroup::
