[2026-06-09T17:25:36.554+0000] {local_task_job_runner.py:120} INFO - ::group::Pre task execution logs
[2026-06-09T17:25:37.287+0000] {taskinstance.py:2076} INFO - Dependencies all met for dep_context=non-requeueable deps ti=<TaskInstance: news_scraper.scrape_headlines manual__2026-06-09T17:25:29.206672+00:00 [queued]>
[2026-06-09T17:25:37.374+0000] {taskinstance.py:2076} INFO - Dependencies all met for dep_context=requeueable deps ti=<TaskInstance: news_scraper.scrape_headlines manual__2026-06-09T17:25:29.206672+00:00 [queued]>
[2026-06-09T17:25:37.381+0000] {taskinstance.py:2306} INFO - Starting attempt 1 of 1
[2026-06-09T17:25:37.569+0000] {taskinstance.py:2330} INFO - Executing <Task(PythonOperator): scrape_headlines> on 2026-06-09 17:25:29.206672+00:00
[2026-06-09T17:25:37.774+0000] {logging_mixin.py:188} WARNING - /home/***/.local/lib/python3.12/site-packages/***/task/task_runner/standard_task_runner.py:61 DeprecationWarning: This process (pid=309) is multi-threaded, use of fork() may lead to deadlocks in the child.
[2026-06-09T17:25:37.679+0000] {standard_task_runner.py:90} INFO - Running: ['***', 'tasks', 'run', 'news_scraper', 'scrape_headlines', 'manual__2026-06-09T17:25:29.206672+00:00', '--job-id', '4', '--raw', '--subdir', 'DAGS_FOLDER/scrape_dag.py', '--cfg-path', '/tmp/tmpf49ik51e']
[2026-06-09T17:25:37.786+0000] {standard_task_runner.py:63} INFO - Started process 310 to run task
[2026-06-09T17:25:37.791+0000] {standard_task_runner.py:91} INFO - Job 4: Subtask scrape_headlines
[2026-06-09T17:25:39.100+0000] {task_command.py:426} INFO - Running <TaskInstance: news_scraper.scrape_headlines manual__2026-06-09T17:25:29.206672+00:00 [running]> on host 53ba24640508
[2026-06-09T17:25:40.895+0000] {taskinstance.py:2648} INFO - Exporting env vars: AIRFLOW_CTX_DAG_OWNER='***' AIRFLOW_CTX_DAG_ID='news_scraper' AIRFLOW_CTX_TASK_ID='scrape_headlines' AIRFLOW_CTX_EXECUTION_DATE='2026-06-09T17:25:29.206672+00:00' AIRFLOW_CTX_TRY_NUMBER='1' AIRFLOW_CTX_DAG_RUN_ID='manual__2026-06-09T17:25:29.206672+00:00'
[2026-06-09T17:25:40.914+0000] {taskinstance.py:430} INFO - ::endgroup::
[2026-06-09T17:25:41.362+0000] {logging_mixin.py:188} INFO - Fetching RSS feed from: http://feeds.bbci.co.uk/news/rss.xml
[2026-06-09T17:25:44.187+0000] {logging_mixin.py:188} INFO - Found 33 headlines
[2026-06-09T17:25:44.206+0000] {logging_mixin.py:188} INFO - Saved 33 headlines to /opt/***/data/raw/headlines_2026-06-09.csv
[2026-06-09T17:25:44.224+0000] {python.py:237} INFO - Done. Returned value was: /opt/***/data/raw/headlines_2026-06-09.csv
[2026-06-09T17:25:44.226+0000] {taskinstance.py:441} INFO - ::group::Post task execution logs
[2026-06-09T17:25:44.403+0000] {taskinstance.py:1206} INFO - Marking task as SUCCESS. dag_id=news_scraper, task_id=scrape_headlines, run_id=manual__2026-06-09T17:25:29.206672+00:00, execution_date=20260609T172529, start_date=20260609T172537, end_date=20260609T172544
[2026-06-09T17:25:44.590+0000] {local_task_job_runner.py:240} INFO - Task exited with return code 0
[2026-06-09T17:25:44.768+0000] {taskinstance.py:3498} INFO - 1 downstream tasks scheduled from follow-on schedule check
[2026-06-09T17:25:44.779+0000] {local_task_job_runner.py:222} INFO - ::endgroup::
