[2026-06-09T17:25:46.022+0000] {local_task_job_runner.py:120} INFO - ::group::Pre task execution logs
[2026-06-09T17:25:46.214+0000] {taskinstance.py:2076} INFO - Dependencies all met for dep_context=non-requeueable deps ti=<TaskInstance: news_scraper.verify_output scheduled__2026-06-08T00:00:00+00:00 [queued]>
[2026-06-09T17:25:46.407+0000] {taskinstance.py:2076} INFO - Dependencies all met for dep_context=requeueable deps ti=<TaskInstance: news_scraper.verify_output scheduled__2026-06-08T00:00:00+00:00 [queued]>
[2026-06-09T17:25:46.417+0000] {taskinstance.py:2306} INFO - Starting attempt 1 of 1
[2026-06-09T17:25:46.530+0000] {taskinstance.py:2330} INFO - Executing <Task(PythonOperator): verify_output> on 2026-06-08 00:00:00+00:00
[2026-06-09T17:25:46.590+0000] {standard_task_runner.py:90} INFO - Running: ['***', 'tasks', 'run', 'news_scraper', 'verify_output', 'scheduled__2026-06-08T00:00:00+00:00', '--job-id', '6', '--raw', '--subdir', 'DAGS_FOLDER/scrape_dag.py', '--cfg-path', '/tmp/tmpzvwp9rn4']
[2026-06-09T17:25:46.631+0000] {standard_task_runner.py:91} INFO - Job 6: Subtask verify_output
[2026-06-09T17:25:46.651+0000] {logging_mixin.py:188} WARNING - /home/***/.local/lib/python3.12/site-packages/***/task/task_runner/standard_task_runner.py:61 DeprecationWarning: This process (pid=313) is multi-threaded, use of fork() may lead to deadlocks in the child.
[2026-06-09T17:25:46.707+0000] {standard_task_runner.py:63} INFO - Started process 315 to run task
[2026-06-09T17:25:47.067+0000] {task_command.py:426} INFO - Running <TaskInstance: news_scraper.verify_output scheduled__2026-06-08T00:00:00+00:00 [running]> on host 53ba24640508
[2026-06-09T17:25:47.801+0000] {taskinstance.py:2648} INFO - Exporting env vars: AIRFLOW_CTX_DAG_OWNER='***' AIRFLOW_CTX_DAG_ID='news_scraper' AIRFLOW_CTX_TASK_ID='verify_output' AIRFLOW_CTX_EXECUTION_DATE='2026-06-08T00:00:00+00:00' AIRFLOW_CTX_TRY_NUMBER='1' AIRFLOW_CTX_DAG_RUN_ID='scheduled__2026-06-08T00:00:00+00:00'
[2026-06-09T17:25:47.809+0000] {taskinstance.py:430} INFO - ::endgroup::
[2026-06-09T17:25:48.035+0000] {logging_mixin.py:188} INFO - Verifying file: /opt/***/data/raw/headlines_2026-06-08.csv
[2026-06-09T17:25:48.269+0000] {logging_mixin.py:188} INFO - Verification passed — 33 headlines in file
[2026-06-09T17:25:48.297+0000] {logging_mixin.py:188} INFO - First headline: Trump says Iran shot down US helicopter and vows to respond
[2026-06-09T17:25:48.303+0000] {logging_mixin.py:188} INFO - Last headline:  What now for West Ham after Sullivan allegations?
[2026-06-09T17:25:48.317+0000] {python.py:237} INFO - Done. Returned value was: 33
[2026-06-09T17:25:48.334+0000] {taskinstance.py:441} INFO - ::group::Post task execution logs
[2026-06-09T17:25:48.495+0000] {taskinstance.py:1206} INFO - Marking task as SUCCESS. dag_id=news_scraper, task_id=verify_output, run_id=scheduled__2026-06-08T00:00:00+00:00, execution_date=20260608T000000, start_date=20260609T172546, end_date=20260609T172548
[2026-06-09T17:25:48.644+0000] {local_task_job_runner.py:240} INFO - Task exited with return code 0
[2026-06-09T17:25:48.816+0000] {taskinstance.py:3498} INFO - 0 downstream tasks scheduled from follow-on schedule check
[2026-06-09T17:25:48.838+0000] {local_task_job_runner.py:222} INFO - ::endgroup::
