[2026-06-09T17:31:59.388+0000] {local_task_job_runner.py:120} INFO - ::group::Pre task execution logs
[2026-06-09T17:31:59.453+0000] {taskinstance.py:2076} INFO - Dependencies all met for dep_context=non-requeueable deps ti=<TaskInstance: headline_cleaner.clean_headlines manual__2026-06-09T17:31:57.151485+00:00 [queued]>
[2026-06-09T17:31:59.473+0000] {taskinstance.py:2076} INFO - Dependencies all met for dep_context=requeueable deps ti=<TaskInstance: headline_cleaner.clean_headlines manual__2026-06-09T17:31:57.151485+00:00 [queued]>
[2026-06-09T17:31:59.506+0000] {taskinstance.py:2306} INFO - Starting attempt 1 of 1
[2026-06-09T17:31:59.570+0000] {taskinstance.py:2330} INFO - Executing <Task(PythonOperator): clean_headlines> on 2026-06-09 17:31:57.151485+00:00
[2026-06-09T17:31:59.621+0000] {logging_mixin.py:188} WARNING - /home/***/.local/lib/python3.12/site-packages/***/task/task_runner/standard_task_runner.py:61 DeprecationWarning: This process (pid=400) is multi-threaded, use of fork() may lead to deadlocks in the child.
[2026-06-09T17:31:59.617+0000] {standard_task_runner.py:90} INFO - Running: ['***', 'tasks', 'run', 'headline_cleaner', 'clean_headlines', 'manual__2026-06-09T17:31:57.151485+00:00', '--job-id', '14', '--raw', '--subdir', 'DAGS_FOLDER/clean_dag.py', '--cfg-path', '/tmp/tmpiqwlz4cx']
[2026-06-09T17:31:59.623+0000] {standard_task_runner.py:63} INFO - Started process 401 to run task
[2026-06-09T17:31:59.623+0000] {standard_task_runner.py:91} INFO - Job 14: Subtask clean_headlines
[2026-06-09T17:31:59.957+0000] {task_command.py:426} INFO - Running <TaskInstance: headline_cleaner.clean_headlines manual__2026-06-09T17:31:57.151485+00:00 [running]> on host 53ba24640508
[2026-06-09T17:32:00.274+0000] {taskinstance.py:2648} INFO - Exporting env vars: AIRFLOW_CTX_DAG_OWNER='***' AIRFLOW_CTX_DAG_ID='headline_cleaner' AIRFLOW_CTX_TASK_ID='clean_headlines' AIRFLOW_CTX_EXECUTION_DATE='2026-06-09T17:31:57.151485+00:00' AIRFLOW_CTX_TRY_NUMBER='1' AIRFLOW_CTX_DAG_RUN_ID='manual__2026-06-09T17:31:57.151485+00:00'
[2026-06-09T17:32:00.277+0000] {taskinstance.py:430} INFO - ::endgroup::
[2026-06-09T17:32:00.360+0000] {logging_mixin.py:188} INFO - Raw rows loaded: 33
[2026-06-09T17:32:00.363+0000] {logging_mixin.py:188} INFO - Rows after cleaning: 33
[2026-06-09T17:32:00.367+0000] {logging_mixin.py:188} INFO - Rows after deduplication: 32
[2026-06-09T17:32:00.368+0000] {logging_mixin.py:188} INFO - Duplicates removed: 1
[2026-06-09T17:32:00.382+0000] {logging_mixin.py:188} INFO - Saved cleaned file to: /opt/***/data/cleaned/headlines_2026-06-09.csv
[2026-06-09T17:32:00.384+0000] {logging_mixin.py:188} INFO - Sample cleaned title: Trump says Iran shot down US helicopter and vows to respond
[2026-06-09T17:32:00.390+0000] {python.py:237} INFO - Done. Returned value was: /opt/***/data/cleaned/headlines_2026-06-09.csv
[2026-06-09T17:32:00.395+0000] {taskinstance.py:441} INFO - ::group::Post task execution logs
[2026-06-09T17:32:00.488+0000] {taskinstance.py:1206} INFO - Marking task as SUCCESS. dag_id=headline_cleaner, task_id=clean_headlines, run_id=manual__2026-06-09T17:31:57.151485+00:00, execution_date=20260609T173157, start_date=20260609T173159, end_date=20260609T173200
[2026-06-09T17:32:00.567+0000] {local_task_job_runner.py:240} INFO - Task exited with return code 0
[2026-06-09T17:32:00.631+0000] {taskinstance.py:3498} INFO - 1 downstream tasks scheduled from follow-on schedule check
[2026-06-09T17:32:00.667+0000] {local_task_job_runner.py:222} INFO - ::endgroup::
