[2026-06-09T17:25:46.022+0000] {local_task_job_runner.py:120} INFO - ::group::Pre task execution logs
[2026-06-09T17:25:46.216+0000] {taskinstance.py:2076} INFO - Dependencies all met for dep_context=non-requeueable deps ti=<TaskInstance: news_scraper.verify_output manual__2026-06-09T17:25:29.206672+00:00 [queued]>
[2026-06-09T17:25:46.404+0000] {taskinstance.py:2076} INFO - Dependencies all met for dep_context=requeueable deps ti=<TaskInstance: news_scraper.verify_output manual__2026-06-09T17:25:29.206672+00:00 [queued]>
[2026-06-09T17:25:46.416+0000] {taskinstance.py:2306} INFO - Starting attempt 1 of 1
[2026-06-09T17:25:46.513+0000] {taskinstance.py:2330} INFO - Executing <Task(PythonOperator): verify_output> on 2026-06-09 17:25:29.206672+00:00
[2026-06-09T17:25:46.579+0000] {standard_task_runner.py:90} INFO - Running: ['***', 'tasks', 'run', 'news_scraper', 'verify_output', 'manual__2026-06-09T17:25:29.206672+00:00', '--job-id', '5', '--raw', '--subdir', 'DAGS_FOLDER/scrape_dag.py', '--cfg-path', '/tmp/tmpdmo75ibu']
[2026-06-09T17:25:46.592+0000] {logging_mixin.py:188} WARNING - /home/***/.local/lib/python3.12/site-packages/***/task/task_runner/standard_task_runner.py:61 DeprecationWarning: This process (pid=312) is multi-threaded, use of fork() may lead to deadlocks in the child.
[2026-06-09T17:25:46.611+0000] {standard_task_runner.py:91} INFO - Job 5: Subtask verify_output
[2026-06-09T17:25:46.639+0000] {standard_task_runner.py:63} INFO - Started process 314 to run task
[2026-06-09T17:25:47.045+0000] {task_command.py:426} INFO - Running <TaskInstance: news_scraper.verify_output manual__2026-06-09T17:25:29.206672+00:00 [running]> on host 53ba24640508
[2026-06-09T17:25:47.843+0000] {taskinstance.py:2648} INFO - Exporting env vars: AIRFLOW_CTX_DAG_OWNER='***' AIRFLOW_CTX_DAG_ID='news_scraper' AIRFLOW_CTX_TASK_ID='verify_output' AIRFLOW_CTX_EXECUTION_DATE='2026-06-09T17:25:29.206672+00:00' AIRFLOW_CTX_TRY_NUMBER='1' AIRFLOW_CTX_DAG_RUN_ID='manual__2026-06-09T17:25:29.206672+00:00'
[2026-06-09T17:25:47.855+0000] {taskinstance.py:430} INFO - ::endgroup::
[2026-06-09T17:25:48.086+0000] {logging_mixin.py:188} INFO - Verifying file: /opt/***/data/raw/headlines_2026-06-09.csv
[2026-06-09T17:25:48.334+0000] {logging_mixin.py:188} INFO - Verification passed — 33 headlines in file
[2026-06-09T17:25:48.349+0000] {logging_mixin.py:188} INFO - First headline: Trump says Iran shot down US helicopter and vows to respond
[2026-06-09T17:25:48.364+0000] {logging_mixin.py:188} INFO - Last headline:  What now for West Ham after Sullivan allegations?
[2026-06-09T17:25:48.401+0000] {python.py:237} INFO - Done. Returned value was: 33
[2026-06-09T17:25:48.429+0000] {taskinstance.py:441} INFO - ::group::Post task execution logs
[2026-06-09T17:25:48.568+0000] {taskinstance.py:1206} INFO - Marking task as SUCCESS. dag_id=news_scraper, task_id=verify_output, run_id=manual__2026-06-09T17:25:29.206672+00:00, execution_date=20260609T172529, start_date=20260609T172546, end_date=20260609T172548
[2026-06-09T17:25:48.678+0000] {local_task_job_runner.py:240} INFO - Task exited with return code 0
[2026-06-09T17:25:48.790+0000] {taskinstance.py:3498} INFO - 0 downstream tasks scheduled from follow-on schedule check
[2026-06-09T17:25:48.817+0000] {local_task_job_runner.py:222} INFO - ::endgroup::
