[2026-06-09T17:31:42.817+0000] {local_task_job_runner.py:120} INFO - ::group::Pre task execution logs
[2026-06-09T17:31:42.917+0000] {taskinstance.py:2076} INFO - Dependencies all met for dep_context=non-requeueable deps ti=<TaskInstance: headline_cleaner.clean_headlines scheduled__2026-06-08T00:00:00+00:00 [queued]>
[2026-06-09T17:31:42.943+0000] {taskinstance.py:2076} INFO - Dependencies all met for dep_context=requeueable deps ti=<TaskInstance: headline_cleaner.clean_headlines scheduled__2026-06-08T00:00:00+00:00 [queued]>
[2026-06-09T17:31:42.946+0000] {taskinstance.py:2306} INFO - Starting attempt 1 of 1
[2026-06-09T17:31:43.135+0000] {taskinstance.py:2330} INFO - Executing <Task(PythonOperator): clean_headlines> on 2026-06-08 00:00:00+00:00
[2026-06-09T17:31:43.170+0000] {standard_task_runner.py:90} INFO - Running: ['***', 'tasks', 'run', 'headline_cleaner', 'clean_headlines', 'scheduled__2026-06-08T00:00:00+00:00', '--job-id', '7', '--raw', '--subdir', 'DAGS_FOLDER/clean_dag.py', '--cfg-path', '/tmp/tmp6zovf7ph']
[2026-06-09T17:31:43.175+0000] {logging_mixin.py:188} WARNING - /home/***/.local/lib/python3.12/site-packages/***/task/task_runner/standard_task_runner.py:61 DeprecationWarning: This process (pid=382) is multi-threaded, use of fork() may lead to deadlocks in the child.
[2026-06-09T17:31:43.176+0000] {standard_task_runner.py:91} INFO - Job 7: Subtask clean_headlines
[2026-06-09T17:31:43.184+0000] {standard_task_runner.py:63} INFO - Started process 388 to run task
[2026-06-09T17:31:43.362+0000] {task_command.py:426} INFO - Running <TaskInstance: headline_cleaner.clean_headlines scheduled__2026-06-08T00:00:00+00:00 [running]> on host 53ba24640508
[2026-06-09T17:31:43.712+0000] {taskinstance.py:2648} INFO - Exporting env vars: AIRFLOW_CTX_DAG_OWNER='***' AIRFLOW_CTX_DAG_ID='headline_cleaner' AIRFLOW_CTX_TASK_ID='clean_headlines' AIRFLOW_CTX_EXECUTION_DATE='2026-06-08T00:00:00+00:00' AIRFLOW_CTX_TRY_NUMBER='1' AIRFLOW_CTX_DAG_RUN_ID='scheduled__2026-06-08T00:00:00+00:00'
[2026-06-09T17:31:43.714+0000] {taskinstance.py:430} INFO - ::endgroup::
[2026-06-09T17:31:43.824+0000] {logging_mixin.py:188} INFO - Raw rows loaded: 33
[2026-06-09T17:31:43.849+0000] {logging_mixin.py:188} INFO - Rows after cleaning: 33
[2026-06-09T17:31:43.851+0000] {logging_mixin.py:188} INFO - Rows after deduplication: 32
[2026-06-09T17:31:43.852+0000] {logging_mixin.py:188} INFO - Duplicates removed: 1
[2026-06-09T17:31:43.861+0000] {logging_mixin.py:188} INFO - Saved cleaned file to: /opt/***/data/cleaned/headlines_2026-06-08.csv
[2026-06-09T17:31:43.863+0000] {logging_mixin.py:188} INFO - Sample cleaned title: Trump says Iran shot down US helicopter and vows to respond
[2026-06-09T17:31:43.864+0000] {python.py:237} INFO - Done. Returned value was: /opt/***/data/cleaned/headlines_2026-06-08.csv
[2026-06-09T17:31:43.865+0000] {taskinstance.py:441} INFO - ::group::Post task execution logs
[2026-06-09T17:31:43.988+0000] {taskinstance.py:1206} INFO - Marking task as SUCCESS. dag_id=headline_cleaner, task_id=clean_headlines, run_id=scheduled__2026-06-08T00:00:00+00:00, execution_date=20260608T000000, start_date=20260609T173142, end_date=20260609T173143
[2026-06-09T17:31:44.087+0000] {local_task_job_runner.py:240} INFO - Task exited with return code 0
[2026-06-09T17:31:44.128+0000] {taskinstance.py:3498} INFO - 1 downstream tasks scheduled from follow-on schedule check
[2026-06-09T17:31:44.243+0000] {local_task_job_runner.py:222} INFO - ::endgroup::
