[2026-06-09T17:31:07.702+0000] {processor.py:161} INFO - Started process (PID=366) to work on /opt/airflow/dags/clean_dag.py
[2026-06-09T17:31:07.704+0000] {processor.py:830} INFO - Processing file /opt/airflow/dags/clean_dag.py for tasks to queue
[2026-06-09T17:31:07.709+0000] {logging_mixin.py:188} INFO - [2026-06-09T17:31:07.708+0000] {dagbag.py:545} INFO - Filling up the DagBag from /opt/airflow/dags/clean_dag.py
[2026-06-09T17:31:07.789+0000] {processor.py:840} INFO - DAG(s) 'headline_cleaner' retrieved from /opt/airflow/dags/clean_dag.py
[2026-06-09T17:31:09.491+0000] {logging_mixin.py:188} INFO - [2026-06-09T17:31:09.488+0000] {override.py:1829} INFO - Created Permission View: can edit on DAG:headline_cleaner
[2026-06-09T17:31:09.520+0000] {logging_mixin.py:188} INFO - [2026-06-09T17:31:09.520+0000] {override.py:1829} INFO - Created Permission View: can read on DAG:headline_cleaner
[2026-06-09T17:31:09.539+0000] {logging_mixin.py:188} INFO - [2026-06-09T17:31:09.538+0000] {override.py:1829} INFO - Created Permission View: can delete on DAG:headline_cleaner
[2026-06-09T17:31:09.540+0000] {logging_mixin.py:188} INFO - [2026-06-09T17:31:09.540+0000] {dag.py:3096} INFO - Sync 1 DAGs
[2026-06-09T17:31:09.573+0000] {logging_mixin.py:188} INFO - [2026-06-09T17:31:09.573+0000] {dag.py:3118} INFO - Creating ORM DAG for headline_cleaner
[2026-06-09T17:31:09.613+0000] {logging_mixin.py:188} INFO - [2026-06-09T17:31:09.613+0000] {dag.py:3954} INFO - Setting next_dagrun for headline_cleaner to 2026-06-08 00:00:00+00:00, run_after=2026-06-09 00:00:00+00:00
[2026-06-09T17:31:09.706+0000] {processor.py:183} INFO - Processing /opt/airflow/dags/clean_dag.py took 2.015 seconds
[2026-06-09T17:31:39.887+0000] {processor.py:161} INFO - Started process (PID=376) to work on /opt/airflow/dags/clean_dag.py
[2026-06-09T17:31:39.890+0000] {processor.py:830} INFO - Processing file /opt/airflow/dags/clean_dag.py for tasks to queue
[2026-06-09T17:31:39.893+0000] {logging_mixin.py:188} INFO - [2026-06-09T17:31:39.893+0000] {dagbag.py:545} INFO - Filling up the DagBag from /opt/airflow/dags/clean_dag.py
[2026-06-09T17:31:39.941+0000] {processor.py:840} INFO - DAG(s) 'headline_cleaner' retrieved from /opt/airflow/dags/clean_dag.py
[2026-06-09T17:31:40.008+0000] {logging_mixin.py:188} INFO - [2026-06-09T17:31:40.007+0000] {dag.py:3096} INFO - Sync 1 DAGs
[2026-06-09T17:31:40.059+0000] {logging_mixin.py:188} INFO - [2026-06-09T17:31:40.058+0000] {dag.py:3954} INFO - Setting next_dagrun for headline_cleaner to 2026-06-08 00:00:00+00:00, run_after=2026-06-09 00:00:00+00:00
[2026-06-09T17:31:40.232+0000] {processor.py:183} INFO - Processing /opt/airflow/dags/clean_dag.py took 0.355 seconds
[2026-06-09T17:32:10.731+0000] {processor.py:161} INFO - Started process (PID=406) to work on /opt/airflow/dags/clean_dag.py
[2026-06-09T17:32:10.734+0000] {processor.py:830} INFO - Processing file /opt/airflow/dags/clean_dag.py for tasks to queue
[2026-06-09T17:32:10.738+0000] {logging_mixin.py:188} INFO - [2026-06-09T17:32:10.737+0000] {dagbag.py:545} INFO - Filling up the DagBag from /opt/airflow/dags/clean_dag.py
[2026-06-09T17:32:10.785+0000] {processor.py:840} INFO - DAG(s) 'headline_cleaner' retrieved from /opt/airflow/dags/clean_dag.py
[2026-06-09T17:32:10.859+0000] {logging_mixin.py:188} INFO - [2026-06-09T17:32:10.858+0000] {dag.py:3096} INFO - Sync 1 DAGs
[2026-06-09T17:32:10.916+0000] {logging_mixin.py:188} INFO - [2026-06-09T17:32:10.915+0000] {dag.py:3954} INFO - Setting next_dagrun for headline_cleaner to 2026-06-09 00:00:00+00:00, run_after=2026-06-10 00:00:00+00:00
[2026-06-09T17:32:10.963+0000] {processor.py:183} INFO - Processing /opt/airflow/dags/clean_dag.py took 0.241 seconds
[2026-06-09T17:32:41.425+0000] {processor.py:161} INFO - Started process (PID=416) to work on /opt/airflow/dags/clean_dag.py
[2026-06-09T17:32:41.428+0000] {processor.py:830} INFO - Processing file /opt/airflow/dags/clean_dag.py for tasks to queue
[2026-06-09T17:32:41.432+0000] {logging_mixin.py:188} INFO - [2026-06-09T17:32:41.432+0000] {dagbag.py:545} INFO - Filling up the DagBag from /opt/airflow/dags/clean_dag.py
[2026-06-09T17:32:41.485+0000] {processor.py:840} INFO - DAG(s) 'headline_cleaner' retrieved from /opt/airflow/dags/clean_dag.py
[2026-06-09T17:32:41.550+0000] {logging_mixin.py:188} INFO - [2026-06-09T17:32:41.550+0000] {dag.py:3096} INFO - Sync 1 DAGs
[2026-06-09T17:32:41.611+0000] {logging_mixin.py:188} INFO - [2026-06-09T17:32:41.610+0000] {dag.py:3954} INFO - Setting next_dagrun for headline_cleaner to 2026-06-09 00:00:00+00:00, run_after=2026-06-10 00:00:00+00:00
[2026-06-09T17:32:41.667+0000] {processor.py:183} INFO - Processing /opt/airflow/dags/clean_dag.py took 0.259 seconds
[2026-06-09T17:33:12.467+0000] {processor.py:161} INFO - Started process (PID=426) to work on /opt/airflow/dags/clean_dag.py
[2026-06-09T17:33:12.470+0000] {processor.py:830} INFO - Processing file /opt/airflow/dags/clean_dag.py for tasks to queue
[2026-06-09T17:33:12.474+0000] {logging_mixin.py:188} INFO - [2026-06-09T17:33:12.473+0000] {dagbag.py:545} INFO - Filling up the DagBag from /opt/airflow/dags/clean_dag.py
[2026-06-09T17:33:12.521+0000] {processor.py:840} INFO - DAG(s) 'headline_cleaner' retrieved from /opt/airflow/dags/clean_dag.py
[2026-06-09T17:33:12.583+0000] {logging_mixin.py:188} INFO - [2026-06-09T17:33:12.583+0000] {dag.py:3096} INFO - Sync 1 DAGs
[2026-06-09T17:33:12.635+0000] {logging_mixin.py:188} INFO - [2026-06-09T17:33:12.634+0000] {dag.py:3954} INFO - Setting next_dagrun for headline_cleaner to 2026-06-09 00:00:00+00:00, run_after=2026-06-10 00:00:00+00:00
[2026-06-09T17:33:12.684+0000] {processor.py:183} INFO - Processing /opt/airflow/dags/clean_dag.py took 0.227 seconds
[2026-06-09T17:33:43.367+0000] {processor.py:161} INFO - Started process (PID=436) to work on /opt/airflow/dags/clean_dag.py
[2026-06-09T17:33:43.369+0000] {processor.py:830} INFO - Processing file /opt/airflow/dags/clean_dag.py for tasks to queue
[2026-06-09T17:33:43.373+0000] {logging_mixin.py:188} INFO - [2026-06-09T17:33:43.373+0000] {dagbag.py:545} INFO - Filling up the DagBag from /opt/airflow/dags/clean_dag.py
[2026-06-09T17:33:43.423+0000] {processor.py:840} INFO - DAG(s) 'headline_cleaner' retrieved from /opt/airflow/dags/clean_dag.py
[2026-06-09T17:33:43.477+0000] {logging_mixin.py:188} INFO - [2026-06-09T17:33:43.477+0000] {dag.py:3096} INFO - Sync 1 DAGs
[2026-06-09T17:33:43.520+0000] {logging_mixin.py:188} INFO - [2026-06-09T17:33:43.520+0000] {dag.py:3954} INFO - Setting next_dagrun for headline_cleaner to 2026-06-09 00:00:00+00:00, run_after=2026-06-10 00:00:00+00:00
[2026-06-09T17:33:43.560+0000] {processor.py:183} INFO - Processing /opt/airflow/dags/clean_dag.py took 0.205 seconds
[2026-06-09T17:34:14.304+0000] {processor.py:161} INFO - Started process (PID=446) to work on /opt/airflow/dags/clean_dag.py
[2026-06-09T17:34:14.306+0000] {processor.py:830} INFO - Processing file /opt/airflow/dags/clean_dag.py for tasks to queue
[2026-06-09T17:34:14.309+0000] {logging_mixin.py:188} INFO - [2026-06-09T17:34:14.309+0000] {dagbag.py:545} INFO - Filling up the DagBag from /opt/airflow/dags/clean_dag.py
[2026-06-09T17:34:14.350+0000] {processor.py:840} INFO - DAG(s) 'headline_cleaner' retrieved from /opt/airflow/dags/clean_dag.py
[2026-06-09T17:34:14.405+0000] {logging_mixin.py:188} INFO - [2026-06-09T17:34:14.405+0000] {dag.py:3096} INFO - Sync 1 DAGs
[2026-06-09T17:34:14.451+0000] {logging_mixin.py:188} INFO - [2026-06-09T17:34:14.451+0000] {dag.py:3954} INFO - Setting next_dagrun for headline_cleaner to 2026-06-09 00:00:00+00:00, run_after=2026-06-10 00:00:00+00:00
[2026-06-09T17:34:14.487+0000] {processor.py:183} INFO - Processing /opt/airflow/dags/clean_dag.py took 0.193 seconds
[2026-06-09T17:34:44.595+0000] {processor.py:161} INFO - Started process (PID=456) to work on /opt/airflow/dags/clean_dag.py
[2026-06-09T17:34:44.597+0000] {processor.py:830} INFO - Processing file /opt/airflow/dags/clean_dag.py for tasks to queue
[2026-06-09T17:34:44.601+0000] {logging_mixin.py:188} INFO - [2026-06-09T17:34:44.600+0000] {dagbag.py:545} INFO - Filling up the DagBag from /opt/airflow/dags/clean_dag.py
[2026-06-09T17:34:44.641+0000] {processor.py:840} INFO - DAG(s) 'headline_cleaner' retrieved from /opt/airflow/dags/clean_dag.py
[2026-06-09T17:34:44.717+0000] {logging_mixin.py:188} INFO - [2026-06-09T17:34:44.716+0000] {dag.py:3096} INFO - Sync 1 DAGs
[2026-06-09T17:34:44.773+0000] {logging_mixin.py:188} INFO - [2026-06-09T17:34:44.773+0000] {dag.py:3954} INFO - Setting next_dagrun for headline_cleaner to 2026-06-09 00:00:00+00:00, run_after=2026-06-10 00:00:00+00:00
[2026-06-09T17:34:44.823+0000] {processor.py:183} INFO - Processing /opt/airflow/dags/clean_dag.py took 0.240 seconds
[2026-06-09T17:35:15.644+0000] {processor.py:161} INFO - Started process (PID=466) to work on /opt/airflow/dags/clean_dag.py
[2026-06-09T17:35:15.646+0000] {processor.py:830} INFO - Processing file /opt/airflow/dags/clean_dag.py for tasks to queue
[2026-06-09T17:35:15.650+0000] {logging_mixin.py:188} INFO - [2026-06-09T17:35:15.649+0000] {dagbag.py:545} INFO - Filling up the DagBag from /opt/airflow/dags/clean_dag.py
[2026-06-09T17:35:15.705+0000] {processor.py:840} INFO - DAG(s) 'headline_cleaner' retrieved from /opt/airflow/dags/clean_dag.py
[2026-06-09T17:35:15.779+0000] {logging_mixin.py:188} INFO - [2026-06-09T17:35:15.778+0000] {dag.py:3096} INFO - Sync 1 DAGs
[2026-06-09T17:35:15.837+0000] {logging_mixin.py:188} INFO - [2026-06-09T17:35:15.836+0000] {dag.py:3954} INFO - Setting next_dagrun for headline_cleaner to 2026-06-09 00:00:00+00:00, run_after=2026-06-10 00:00:00+00:00
[2026-06-09T17:35:15.887+0000] {processor.py:183} INFO - Processing /opt/airflow/dags/clean_dag.py took 0.259 seconds
[2026-06-09T17:35:46.534+0000] {processor.py:161} INFO - Started process (PID=476) to work on /opt/airflow/dags/clean_dag.py
[2026-06-09T17:35:46.536+0000] {processor.py:830} INFO - Processing file /opt/airflow/dags/clean_dag.py for tasks to queue
[2026-06-09T17:35:46.585+0000] {logging_mixin.py:188} INFO - [2026-06-09T17:35:46.584+0000] {dagbag.py:545} INFO - Filling up the DagBag from /opt/airflow/dags/clean_dag.py
[2026-06-09T17:35:46.754+0000] {processor.py:840} INFO - DAG(s) 'headline_cleaner' retrieved from /opt/airflow/dags/clean_dag.py
[2026-06-09T17:35:46.814+0000] {logging_mixin.py:188} INFO - [2026-06-09T17:35:46.814+0000] {dag.py:3096} INFO - Sync 1 DAGs
[2026-06-09T17:35:46.865+0000] {logging_mixin.py:188} INFO - [2026-06-09T17:35:46.864+0000] {dag.py:3954} INFO - Setting next_dagrun for headline_cleaner to 2026-06-09 00:00:00+00:00, run_after=2026-06-10 00:00:00+00:00
[2026-06-09T17:35:46.918+0000] {processor.py:183} INFO - Processing /opt/airflow/dags/clean_dag.py took 0.397 seconds
[2026-06-09T17:36:17.319+0000] {processor.py:161} INFO - Started process (PID=486) to work on /opt/airflow/dags/clean_dag.py
[2026-06-09T17:36:17.322+0000] {processor.py:830} INFO - Processing file /opt/airflow/dags/clean_dag.py for tasks to queue
[2026-06-09T17:36:17.326+0000] {logging_mixin.py:188} INFO - [2026-06-09T17:36:17.325+0000] {dagbag.py:545} INFO - Filling up the DagBag from /opt/airflow/dags/clean_dag.py
[2026-06-09T17:36:17.383+0000] {processor.py:840} INFO - DAG(s) 'headline_cleaner' retrieved from /opt/airflow/dags/clean_dag.py
[2026-06-09T17:36:17.464+0000] {logging_mixin.py:188} INFO - [2026-06-09T17:36:17.463+0000] {dag.py:3096} INFO - Sync 1 DAGs
[2026-06-09T17:36:17.602+0000] {logging_mixin.py:188} INFO - [2026-06-09T17:36:17.601+0000] {dag.py:3954} INFO - Setting next_dagrun for headline_cleaner to 2026-06-09 00:00:00+00:00, run_after=2026-06-10 00:00:00+00:00
[2026-06-09T17:36:17.717+0000] {processor.py:183} INFO - Processing /opt/airflow/dags/clean_dag.py took 0.412 seconds
[2026-06-09T17:36:48.109+0000] {processor.py:161} INFO - Started process (PID=496) to work on /opt/airflow/dags/clean_dag.py
[2026-06-09T17:36:48.111+0000] {processor.py:830} INFO - Processing file /opt/airflow/dags/clean_dag.py for tasks to queue
[2026-06-09T17:36:48.114+0000] {logging_mixin.py:188} INFO - [2026-06-09T17:36:48.113+0000] {dagbag.py:545} INFO - Filling up the DagBag from /opt/airflow/dags/clean_dag.py
[2026-06-09T17:36:48.149+0000] {processor.py:840} INFO - DAG(s) 'headline_cleaner' retrieved from /opt/airflow/dags/clean_dag.py
[2026-06-09T17:36:48.209+0000] {logging_mixin.py:188} INFO - [2026-06-09T17:36:48.209+0000] {dag.py:3096} INFO - Sync 1 DAGs
[2026-06-09T17:36:48.263+0000] {logging_mixin.py:188} INFO - [2026-06-09T17:36:48.263+0000] {dag.py:3954} INFO - Setting next_dagrun for headline_cleaner to 2026-06-09 00:00:00+00:00, run_after=2026-06-10 00:00:00+00:00
[2026-06-09T17:36:48.306+0000] {processor.py:183} INFO - Processing /opt/airflow/dags/clean_dag.py took 0.206 seconds
[2026-06-09T17:37:18.956+0000] {processor.py:161} INFO - Started process (PID=506) to work on /opt/airflow/dags/clean_dag.py
[2026-06-09T17:37:18.958+0000] {processor.py:830} INFO - Processing file /opt/airflow/dags/clean_dag.py for tasks to queue
[2026-06-09T17:37:18.963+0000] {logging_mixin.py:188} INFO - [2026-06-09T17:37:18.962+0000] {dagbag.py:545} INFO - Filling up the DagBag from /opt/airflow/dags/clean_dag.py
[2026-06-09T17:37:19.004+0000] {processor.py:840} INFO - DAG(s) 'headline_cleaner' retrieved from /opt/airflow/dags/clean_dag.py
[2026-06-09T17:37:19.052+0000] {logging_mixin.py:188} INFO - [2026-06-09T17:37:19.052+0000] {dag.py:3096} INFO - Sync 1 DAGs
[2026-06-09T17:37:19.093+0000] {logging_mixin.py:188} INFO - [2026-06-09T17:37:19.093+0000] {dag.py:3954} INFO - Setting next_dagrun for headline_cleaner to 2026-06-09 00:00:00+00:00, run_after=2026-06-10 00:00:00+00:00
[2026-06-09T17:37:19.131+0000] {processor.py:183} INFO - Processing /opt/airflow/dags/clean_dag.py took 0.185 seconds
[2026-06-09T17:37:49.800+0000] {processor.py:161} INFO - Started process (PID=516) to work on /opt/airflow/dags/clean_dag.py
[2026-06-09T17:37:49.802+0000] {processor.py:830} INFO - Processing file /opt/airflow/dags/clean_dag.py for tasks to queue
[2026-06-09T17:37:49.808+0000] {logging_mixin.py:188} INFO - [2026-06-09T17:37:49.806+0000] {dagbag.py:545} INFO - Filling up the DagBag from /opt/airflow/dags/clean_dag.py
[2026-06-09T17:37:49.845+0000] {processor.py:840} INFO - DAG(s) 'headline_cleaner' retrieved from /opt/airflow/dags/clean_dag.py
[2026-06-09T17:37:49.895+0000] {logging_mixin.py:188} INFO - [2026-06-09T17:37:49.895+0000] {dag.py:3096} INFO - Sync 1 DAGs
[2026-06-09T17:37:49.946+0000] {logging_mixin.py:188} INFO - [2026-06-09T17:37:49.946+0000] {dag.py:3954} INFO - Setting next_dagrun for headline_cleaner to 2026-06-09 00:00:00+00:00, run_after=2026-06-10 00:00:00+00:00
[2026-06-09T17:37:49.981+0000] {processor.py:183} INFO - Processing /opt/airflow/dags/clean_dag.py took 0.188 seconds
[2026-06-09T17:38:20.662+0000] {processor.py:161} INFO - Started process (PID=526) to work on /opt/airflow/dags/clean_dag.py
[2026-06-09T17:38:20.664+0000] {processor.py:830} INFO - Processing file /opt/airflow/dags/clean_dag.py for tasks to queue
[2026-06-09T17:38:20.667+0000] {logging_mixin.py:188} INFO - [2026-06-09T17:38:20.667+0000] {dagbag.py:545} INFO - Filling up the DagBag from /opt/airflow/dags/clean_dag.py
[2026-06-09T17:38:20.704+0000] {processor.py:840} INFO - DAG(s) 'headline_cleaner' retrieved from /opt/airflow/dags/clean_dag.py
[2026-06-09T17:38:20.757+0000] {logging_mixin.py:188} INFO - [2026-06-09T17:38:20.756+0000] {dag.py:3096} INFO - Sync 1 DAGs
[2026-06-09T17:38:20.808+0000] {logging_mixin.py:188} INFO - [2026-06-09T17:38:20.807+0000] {dag.py:3954} INFO - Setting next_dagrun for headline_cleaner to 2026-06-09 00:00:00+00:00, run_after=2026-06-10 00:00:00+00:00
[2026-06-09T17:38:20.849+0000] {processor.py:183} INFO - Processing /opt/airflow/dags/clean_dag.py took 0.196 seconds
[2026-06-09T17:38:51.590+0000] {processor.py:161} INFO - Started process (PID=536) to work on /opt/airflow/dags/clean_dag.py
[2026-06-09T17:38:51.592+0000] {processor.py:830} INFO - Processing file /opt/airflow/dags/clean_dag.py for tasks to queue
[2026-06-09T17:38:51.598+0000] {logging_mixin.py:188} INFO - [2026-06-09T17:38:51.597+0000] {dagbag.py:545} INFO - Filling up the DagBag from /opt/airflow/dags/clean_dag.py
[2026-06-09T17:38:51.634+0000] {processor.py:840} INFO - DAG(s) 'headline_cleaner' retrieved from /opt/airflow/dags/clean_dag.py
[2026-06-09T17:38:51.683+0000] {logging_mixin.py:188} INFO - [2026-06-09T17:38:51.683+0000] {dag.py:3096} INFO - Sync 1 DAGs
[2026-06-09T17:38:51.730+0000] {logging_mixin.py:188} INFO - [2026-06-09T17:38:51.730+0000] {dag.py:3954} INFO - Setting next_dagrun for headline_cleaner to 2026-06-09 00:00:00+00:00, run_after=2026-06-10 00:00:00+00:00
[2026-06-09T17:38:51.768+0000] {processor.py:183} INFO - Processing /opt/airflow/dags/clean_dag.py took 0.187 seconds
[2026-06-09T17:39:22.421+0000] {processor.py:161} INFO - Started process (PID=546) to work on /opt/airflow/dags/clean_dag.py
[2026-06-09T17:39:22.423+0000] {processor.py:830} INFO - Processing file /opt/airflow/dags/clean_dag.py for tasks to queue
[2026-06-09T17:39:22.426+0000] {logging_mixin.py:188} INFO - [2026-06-09T17:39:22.426+0000] {dagbag.py:545} INFO - Filling up the DagBag from /opt/airflow/dags/clean_dag.py
[2026-06-09T17:39:22.464+0000] {processor.py:840} INFO - DAG(s) 'headline_cleaner' retrieved from /opt/airflow/dags/clean_dag.py
[2026-06-09T17:39:22.520+0000] {logging_mixin.py:188} INFO - [2026-06-09T17:39:22.519+0000] {dag.py:3096} INFO - Sync 1 DAGs
[2026-06-09T17:39:22.567+0000] {logging_mixin.py:188} INFO - [2026-06-09T17:39:22.566+0000] {dag.py:3954} INFO - Setting next_dagrun for headline_cleaner to 2026-06-09 00:00:00+00:00, run_after=2026-06-10 00:00:00+00:00
[2026-06-09T17:39:22.601+0000] {processor.py:183} INFO - Processing /opt/airflow/dags/clean_dag.py took 0.190 seconds
[2026-06-09T17:39:53.387+0000] {processor.py:161} INFO - Started process (PID=556) to work on /opt/airflow/dags/clean_dag.py
[2026-06-09T17:39:53.391+0000] {processor.py:830} INFO - Processing file /opt/airflow/dags/clean_dag.py for tasks to queue
[2026-06-09T17:39:53.398+0000] {logging_mixin.py:188} INFO - [2026-06-09T17:39:53.397+0000] {dagbag.py:545} INFO - Filling up the DagBag from /opt/airflow/dags/clean_dag.py
[2026-06-09T17:39:53.457+0000] {processor.py:840} INFO - DAG(s) 'headline_cleaner' retrieved from /opt/airflow/dags/clean_dag.py
[2026-06-09T17:39:53.537+0000] {logging_mixin.py:188} INFO - [2026-06-09T17:39:53.536+0000] {dag.py:3096} INFO - Sync 1 DAGs
[2026-06-09T17:39:53.608+0000] {logging_mixin.py:188} INFO - [2026-06-09T17:39:53.607+0000] {dag.py:3954} INFO - Setting next_dagrun for headline_cleaner to 2026-06-09 00:00:00+00:00, run_after=2026-06-10 00:00:00+00:00
[2026-06-09T17:39:53.696+0000] {processor.py:183} INFO - Processing /opt/airflow/dags/clean_dag.py took 0.327 seconds
[2026-06-09T17:40:24.556+0000] {processor.py:161} INFO - Started process (PID=566) to work on /opt/airflow/dags/clean_dag.py
[2026-06-09T17:40:24.559+0000] {processor.py:830} INFO - Processing file /opt/airflow/dags/clean_dag.py for tasks to queue
[2026-06-09T17:40:24.563+0000] {logging_mixin.py:188} INFO - [2026-06-09T17:40:24.562+0000] {dagbag.py:545} INFO - Filling up the DagBag from /opt/airflow/dags/clean_dag.py
[2026-06-09T17:40:24.816+0000] {processor.py:840} INFO - DAG(s) 'headline_cleaner' retrieved from /opt/airflow/dags/clean_dag.py
[2026-06-09T17:40:24.880+0000] {logging_mixin.py:188} INFO - [2026-06-09T17:40:24.880+0000] {dag.py:3096} INFO - Sync 1 DAGs
[2026-06-09T17:40:24.933+0000] {logging_mixin.py:188} INFO - [2026-06-09T17:40:24.932+0000] {dag.py:3954} INFO - Setting next_dagrun for headline_cleaner to 2026-06-09 00:00:00+00:00, run_after=2026-06-10 00:00:00+00:00
[2026-06-09T17:40:25.068+0000] {processor.py:183} INFO - Processing /opt/airflow/dags/clean_dag.py took 0.522 seconds
[2026-06-09T17:40:55.568+0000] {processor.py:161} INFO - Started process (PID=576) to work on /opt/airflow/dags/clean_dag.py
[2026-06-09T17:40:55.571+0000] {processor.py:830} INFO - Processing file /opt/airflow/dags/clean_dag.py for tasks to queue
[2026-06-09T17:40:55.577+0000] {logging_mixin.py:188} INFO - [2026-06-09T17:40:55.576+0000] {dagbag.py:545} INFO - Filling up the DagBag from /opt/airflow/dags/clean_dag.py
[2026-06-09T17:40:55.660+0000] {processor.py:840} INFO - DAG(s) 'headline_cleaner' retrieved from /opt/airflow/dags/clean_dag.py
[2026-06-09T17:40:55.752+0000] {logging_mixin.py:188} INFO - [2026-06-09T17:40:55.752+0000] {dag.py:3096} INFO - Sync 1 DAGs
[2026-06-09T17:40:55.923+0000] {logging_mixin.py:188} INFO - [2026-06-09T17:40:55.922+0000] {dag.py:3954} INFO - Setting next_dagrun for headline_cleaner to 2026-06-09 00:00:00+00:00, run_after=2026-06-10 00:00:00+00:00
[2026-06-09T17:40:56.044+0000] {processor.py:183} INFO - Processing /opt/airflow/dags/clean_dag.py took 0.493 seconds
[2026-06-09T17:41:26.776+0000] {processor.py:161} INFO - Started process (PID=586) to work on /opt/airflow/dags/clean_dag.py
[2026-06-09T17:41:26.778+0000] {processor.py:830} INFO - Processing file /opt/airflow/dags/clean_dag.py for tasks to queue
[2026-06-09T17:41:26.785+0000] {logging_mixin.py:188} INFO - [2026-06-09T17:41:26.784+0000] {dagbag.py:545} INFO - Filling up the DagBag from /opt/airflow/dags/clean_dag.py
[2026-06-09T17:41:26.842+0000] {processor.py:840} INFO - DAG(s) 'headline_cleaner' retrieved from /opt/airflow/dags/clean_dag.py
[2026-06-09T17:41:26.921+0000] {logging_mixin.py:188} INFO - [2026-06-09T17:41:26.920+0000] {dag.py:3096} INFO - Sync 1 DAGs
[2026-06-09T17:41:26.987+0000] {logging_mixin.py:188} INFO - [2026-06-09T17:41:26.987+0000] {dag.py:3954} INFO - Setting next_dagrun for headline_cleaner to 2026-06-09 00:00:00+00:00, run_after=2026-06-10 00:00:00+00:00
[2026-06-09T17:41:27.031+0000] {processor.py:183} INFO - Processing /opt/airflow/dags/clean_dag.py took 0.268 seconds
[2026-06-09T17:41:57.746+0000] {processor.py:161} INFO - Started process (PID=596) to work on /opt/airflow/dags/clean_dag.py
[2026-06-09T17:41:57.751+0000] {processor.py:830} INFO - Processing file /opt/airflow/dags/clean_dag.py for tasks to queue
[2026-06-09T17:41:57.756+0000] {logging_mixin.py:188} INFO - [2026-06-09T17:41:57.755+0000] {dagbag.py:545} INFO - Filling up the DagBag from /opt/airflow/dags/clean_dag.py
[2026-06-09T17:41:57.837+0000] {processor.py:840} INFO - DAG(s) 'headline_cleaner' retrieved from /opt/airflow/dags/clean_dag.py
[2026-06-09T17:41:57.901+0000] {logging_mixin.py:188} INFO - [2026-06-09T17:41:57.901+0000] {dag.py:3096} INFO - Sync 1 DAGs
[2026-06-09T17:41:57.951+0000] {logging_mixin.py:188} INFO - [2026-06-09T17:41:57.951+0000] {dag.py:3954} INFO - Setting next_dagrun for headline_cleaner to 2026-06-09 00:00:00+00:00, run_after=2026-06-10 00:00:00+00:00
[2026-06-09T17:41:57.998+0000] {processor.py:183} INFO - Processing /opt/airflow/dags/clean_dag.py took 0.264 seconds
