[2026-06-09T17:11:08.553+0000] {processor.py:161} INFO - Started process (PID=163) to work on /opt/airflow/dags/scrape_dag.py
[2026-06-09T17:11:08.588+0000] {processor.py:830} INFO - Processing file /opt/airflow/dags/scrape_dag.py for tasks to queue
[2026-06-09T17:11:08.614+0000] {logging_mixin.py:188} INFO - [2026-06-09T17:11:08.597+0000] {dagbag.py:545} INFO - Filling up the DagBag from /opt/airflow/dags/scrape_dag.py
[2026-06-09T17:11:09.135+0000] {processor.py:840} INFO - DAG(s) 'news_scraper' retrieved from /opt/airflow/dags/scrape_dag.py
[2026-06-09T17:11:11.776+0000] {logging_mixin.py:188} INFO - [2026-06-09T17:11:11.775+0000] {dag.py:3096} INFO - Sync 1 DAGs
[2026-06-09T17:11:11.949+0000] {logging_mixin.py:188} INFO - [2026-06-09T17:11:11.948+0000] {dag.py:3954} INFO - Setting next_dagrun for news_scraper to 2026-06-08 00:00:00+00:00, run_after=2026-06-09 00:00:00+00:00
[2026-06-09T17:11:12.141+0000] {processor.py:183} INFO - Processing /opt/airflow/dags/scrape_dag.py took 3.718 seconds
[2026-06-09T17:11:42.404+0000] {processor.py:161} INFO - Started process (PID=168) to work on /opt/airflow/dags/scrape_dag.py
[2026-06-09T17:11:42.407+0000] {processor.py:830} INFO - Processing file /opt/airflow/dags/scrape_dag.py for tasks to queue
[2026-06-09T17:11:42.411+0000] {logging_mixin.py:188} INFO - [2026-06-09T17:11:42.410+0000] {dagbag.py:545} INFO - Filling up the DagBag from /opt/airflow/dags/scrape_dag.py
[2026-06-09T17:11:42.452+0000] {processor.py:840} INFO - DAG(s) 'news_scraper' retrieved from /opt/airflow/dags/scrape_dag.py
[2026-06-09T17:11:42.501+0000] {logging_mixin.py:188} INFO - [2026-06-09T17:11:42.501+0000] {dag.py:3096} INFO - Sync 1 DAGs
[2026-06-09T17:11:42.545+0000] {logging_mixin.py:188} INFO - [2026-06-09T17:11:42.545+0000] {dag.py:3954} INFO - Setting next_dagrun for news_scraper to 2026-06-08 00:00:00+00:00, run_after=2026-06-09 00:00:00+00:00
[2026-06-09T17:11:42.581+0000] {processor.py:183} INFO - Processing /opt/airflow/dags/scrape_dag.py took 0.189 seconds
[2026-06-09T17:12:12.732+0000] {processor.py:161} INFO - Started process (PID=173) to work on /opt/airflow/dags/scrape_dag.py
[2026-06-09T17:12:12.734+0000] {processor.py:830} INFO - Processing file /opt/airflow/dags/scrape_dag.py for tasks to queue
[2026-06-09T17:12:12.738+0000] {logging_mixin.py:188} INFO - [2026-06-09T17:12:12.737+0000] {dagbag.py:545} INFO - Filling up the DagBag from /opt/airflow/dags/scrape_dag.py
[2026-06-09T17:12:12.789+0000] {processor.py:840} INFO - DAG(s) 'news_scraper' retrieved from /opt/airflow/dags/scrape_dag.py
[2026-06-09T17:12:12.887+0000] {logging_mixin.py:188} INFO - [2026-06-09T17:12:12.886+0000] {dag.py:3096} INFO - Sync 1 DAGs
[2026-06-09T17:12:12.965+0000] {logging_mixin.py:188} INFO - [2026-06-09T17:12:12.964+0000] {dag.py:3954} INFO - Setting next_dagrun for news_scraper to 2026-06-08 00:00:00+00:00, run_after=2026-06-09 00:00:00+00:00
[2026-06-09T17:12:13.058+0000] {processor.py:183} INFO - Processing /opt/airflow/dags/scrape_dag.py took 0.338 seconds
[2026-06-09T17:12:43.206+0000] {processor.py:161} INFO - Started process (PID=178) to work on /opt/airflow/dags/scrape_dag.py
[2026-06-09T17:12:43.209+0000] {processor.py:830} INFO - Processing file /opt/airflow/dags/scrape_dag.py for tasks to queue
[2026-06-09T17:12:43.213+0000] {logging_mixin.py:188} INFO - [2026-06-09T17:12:43.212+0000] {dagbag.py:545} INFO - Filling up the DagBag from /opt/airflow/dags/scrape_dag.py
[2026-06-09T17:12:43.269+0000] {processor.py:840} INFO - DAG(s) 'news_scraper' retrieved from /opt/airflow/dags/scrape_dag.py
[2026-06-09T17:12:43.357+0000] {logging_mixin.py:188} INFO - [2026-06-09T17:12:43.356+0000] {dag.py:3096} INFO - Sync 1 DAGs
[2026-06-09T17:12:43.446+0000] {logging_mixin.py:188} INFO - [2026-06-09T17:12:43.446+0000] {dag.py:3954} INFO - Setting next_dagrun for news_scraper to 2026-06-08 00:00:00+00:00, run_after=2026-06-09 00:00:00+00:00
[2026-06-09T17:12:43.509+0000] {processor.py:183} INFO - Processing /opt/airflow/dags/scrape_dag.py took 0.317 seconds
[2026-06-09T17:13:13.655+0000] {processor.py:161} INFO - Started process (PID=183) to work on /opt/airflow/dags/scrape_dag.py
[2026-06-09T17:13:13.657+0000] {processor.py:830} INFO - Processing file /opt/airflow/dags/scrape_dag.py for tasks to queue
[2026-06-09T17:13:13.661+0000] {logging_mixin.py:188} INFO - [2026-06-09T17:13:13.661+0000] {dagbag.py:545} INFO - Filling up the DagBag from /opt/airflow/dags/scrape_dag.py
[2026-06-09T17:13:13.700+0000] {processor.py:840} INFO - DAG(s) 'news_scraper' retrieved from /opt/airflow/dags/scrape_dag.py
[2026-06-09T17:13:13.747+0000] {logging_mixin.py:188} INFO - [2026-06-09T17:13:13.747+0000] {dag.py:3096} INFO - Sync 1 DAGs
[2026-06-09T17:13:13.785+0000] {logging_mixin.py:188} INFO - [2026-06-09T17:13:13.784+0000] {dag.py:3954} INFO - Setting next_dagrun for news_scraper to 2026-06-08 00:00:00+00:00, run_after=2026-06-09 00:00:00+00:00
[2026-06-09T17:13:13.823+0000] {processor.py:183} INFO - Processing /opt/airflow/dags/scrape_dag.py took 0.177 seconds
[2026-06-09T17:13:44.335+0000] {processor.py:161} INFO - Started process (PID=188) to work on /opt/airflow/dags/scrape_dag.py
[2026-06-09T17:13:44.336+0000] {processor.py:830} INFO - Processing file /opt/airflow/dags/scrape_dag.py for tasks to queue
[2026-06-09T17:13:44.340+0000] {logging_mixin.py:188} INFO - [2026-06-09T17:13:44.340+0000] {dagbag.py:545} INFO - Filling up the DagBag from /opt/airflow/dags/scrape_dag.py
[2026-06-09T17:13:44.376+0000] {processor.py:840} INFO - DAG(s) 'news_scraper' retrieved from /opt/airflow/dags/scrape_dag.py
[2026-06-09T17:13:44.426+0000] {logging_mixin.py:188} INFO - [2026-06-09T17:13:44.425+0000] {dag.py:3096} INFO - Sync 1 DAGs
[2026-06-09T17:13:44.469+0000] {logging_mixin.py:188} INFO - [2026-06-09T17:13:44.469+0000] {dag.py:3954} INFO - Setting next_dagrun for news_scraper to 2026-06-08 00:00:00+00:00, run_after=2026-06-09 00:00:00+00:00
[2026-06-09T17:13:44.503+0000] {processor.py:183} INFO - Processing /opt/airflow/dags/scrape_dag.py took 0.176 seconds
[2026-06-09T17:14:15.003+0000] {processor.py:161} INFO - Started process (PID=193) to work on /opt/airflow/dags/scrape_dag.py
[2026-06-09T17:14:15.005+0000] {processor.py:830} INFO - Processing file /opt/airflow/dags/scrape_dag.py for tasks to queue
[2026-06-09T17:14:15.008+0000] {logging_mixin.py:188} INFO - [2026-06-09T17:14:15.007+0000] {dagbag.py:545} INFO - Filling up the DagBag from /opt/airflow/dags/scrape_dag.py
[2026-06-09T17:14:15.042+0000] {processor.py:840} INFO - DAG(s) 'news_scraper' retrieved from /opt/airflow/dags/scrape_dag.py
[2026-06-09T17:14:15.089+0000] {logging_mixin.py:188} INFO - [2026-06-09T17:14:15.088+0000] {dag.py:3096} INFO - Sync 1 DAGs
[2026-06-09T17:14:15.125+0000] {logging_mixin.py:188} INFO - [2026-06-09T17:14:15.125+0000] {dag.py:3954} INFO - Setting next_dagrun for news_scraper to 2026-06-08 00:00:00+00:00, run_after=2026-06-09 00:00:00+00:00
[2026-06-09T17:14:15.159+0000] {processor.py:183} INFO - Processing /opt/airflow/dags/scrape_dag.py took 0.164 seconds
[2026-06-09T17:14:45.316+0000] {processor.py:161} INFO - Started process (PID=198) to work on /opt/airflow/dags/scrape_dag.py
[2026-06-09T17:14:45.318+0000] {processor.py:830} INFO - Processing file /opt/airflow/dags/scrape_dag.py for tasks to queue
[2026-06-09T17:14:45.320+0000] {logging_mixin.py:188} INFO - [2026-06-09T17:14:45.320+0000] {dagbag.py:545} INFO - Filling up the DagBag from /opt/airflow/dags/scrape_dag.py
[2026-06-09T17:14:45.354+0000] {processor.py:840} INFO - DAG(s) 'news_scraper' retrieved from /opt/airflow/dags/scrape_dag.py
[2026-06-09T17:14:45.402+0000] {logging_mixin.py:188} INFO - [2026-06-09T17:14:45.402+0000] {dag.py:3096} INFO - Sync 1 DAGs
[2026-06-09T17:14:45.448+0000] {logging_mixin.py:188} INFO - [2026-06-09T17:14:45.448+0000] {dag.py:3954} INFO - Setting next_dagrun for news_scraper to 2026-06-08 00:00:00+00:00, run_after=2026-06-09 00:00:00+00:00
[2026-06-09T17:14:45.483+0000] {processor.py:183} INFO - Processing /opt/airflow/dags/scrape_dag.py took 0.175 seconds
[2026-06-09T17:15:15.634+0000] {processor.py:161} INFO - Started process (PID=203) to work on /opt/airflow/dags/scrape_dag.py
[2026-06-09T17:15:15.636+0000] {processor.py:830} INFO - Processing file /opt/airflow/dags/scrape_dag.py for tasks to queue
[2026-06-09T17:15:15.640+0000] {logging_mixin.py:188} INFO - [2026-06-09T17:15:15.639+0000] {dagbag.py:545} INFO - Filling up the DagBag from /opt/airflow/dags/scrape_dag.py
[2026-06-09T17:15:15.674+0000] {processor.py:840} INFO - DAG(s) 'news_scraper' retrieved from /opt/airflow/dags/scrape_dag.py
[2026-06-09T17:15:15.764+0000] {logging_mixin.py:188} INFO - [2026-06-09T17:15:15.764+0000] {dag.py:3096} INFO - Sync 1 DAGs
[2026-06-09T17:15:15.832+0000] {logging_mixin.py:188} INFO - [2026-06-09T17:15:15.832+0000] {dag.py:3954} INFO - Setting next_dagrun for news_scraper to 2026-06-08 00:00:00+00:00, run_after=2026-06-09 00:00:00+00:00
[2026-06-09T17:15:16.099+0000] {processor.py:183} INFO - Processing /opt/airflow/dags/scrape_dag.py took 0.473 seconds
[2026-06-09T17:15:46.283+0000] {processor.py:161} INFO - Started process (PID=208) to work on /opt/airflow/dags/scrape_dag.py
[2026-06-09T17:15:46.285+0000] {processor.py:830} INFO - Processing file /opt/airflow/dags/scrape_dag.py for tasks to queue
[2026-06-09T17:15:46.288+0000] {logging_mixin.py:188} INFO - [2026-06-09T17:15:46.287+0000] {dagbag.py:545} INFO - Filling up the DagBag from /opt/airflow/dags/scrape_dag.py
[2026-06-09T17:15:46.328+0000] {processor.py:840} INFO - DAG(s) 'news_scraper' retrieved from /opt/airflow/dags/scrape_dag.py
[2026-06-09T17:15:46.381+0000] {logging_mixin.py:188} INFO - [2026-06-09T17:15:46.380+0000] {dag.py:3096} INFO - Sync 1 DAGs
[2026-06-09T17:15:46.422+0000] {logging_mixin.py:188} INFO - [2026-06-09T17:15:46.422+0000] {dag.py:3954} INFO - Setting next_dagrun for news_scraper to 2026-06-08 00:00:00+00:00, run_after=2026-06-09 00:00:00+00:00
[2026-06-09T17:15:46.466+0000] {processor.py:183} INFO - Processing /opt/airflow/dags/scrape_dag.py took 0.193 seconds
[2026-06-09T17:16:16.654+0000] {processor.py:161} INFO - Started process (PID=213) to work on /opt/airflow/dags/scrape_dag.py
[2026-06-09T17:16:16.656+0000] {processor.py:830} INFO - Processing file /opt/airflow/dags/scrape_dag.py for tasks to queue
[2026-06-09T17:16:16.659+0000] {logging_mixin.py:188} INFO - [2026-06-09T17:16:16.659+0000] {dagbag.py:545} INFO - Filling up the DagBag from /opt/airflow/dags/scrape_dag.py
[2026-06-09T17:16:16.694+0000] {processor.py:840} INFO - DAG(s) 'news_scraper' retrieved from /opt/airflow/dags/scrape_dag.py
[2026-06-09T17:16:16.747+0000] {logging_mixin.py:188} INFO - [2026-06-09T17:16:16.747+0000] {dag.py:3096} INFO - Sync 1 DAGs
[2026-06-09T17:16:16.788+0000] {logging_mixin.py:188} INFO - [2026-06-09T17:16:16.788+0000] {dag.py:3954} INFO - Setting next_dagrun for news_scraper to 2026-06-08 00:00:00+00:00, run_after=2026-06-09 00:00:00+00:00
[2026-06-09T17:16:16.824+0000] {processor.py:183} INFO - Processing /opt/airflow/dags/scrape_dag.py took 0.179 seconds
[2026-06-09T17:16:46.927+0000] {processor.py:161} INFO - Started process (PID=218) to work on /opt/airflow/dags/scrape_dag.py
[2026-06-09T17:16:46.928+0000] {processor.py:830} INFO - Processing file /opt/airflow/dags/scrape_dag.py for tasks to queue
[2026-06-09T17:16:46.931+0000] {logging_mixin.py:188} INFO - [2026-06-09T17:16:46.931+0000] {dagbag.py:545} INFO - Filling up the DagBag from /opt/airflow/dags/scrape_dag.py
[2026-06-09T17:16:46.970+0000] {processor.py:840} INFO - DAG(s) 'news_scraper' retrieved from /opt/airflow/dags/scrape_dag.py
[2026-06-09T17:16:47.016+0000] {logging_mixin.py:188} INFO - [2026-06-09T17:16:47.015+0000] {dag.py:3096} INFO - Sync 1 DAGs
[2026-06-09T17:16:47.059+0000] {logging_mixin.py:188} INFO - [2026-06-09T17:16:47.059+0000] {dag.py:3954} INFO - Setting next_dagrun for news_scraper to 2026-06-08 00:00:00+00:00, run_after=2026-06-09 00:00:00+00:00
[2026-06-09T17:16:47.094+0000] {processor.py:183} INFO - Processing /opt/airflow/dags/scrape_dag.py took 0.177 seconds
[2026-06-09T17:17:17.214+0000] {processor.py:161} INFO - Started process (PID=223) to work on /opt/airflow/dags/scrape_dag.py
[2026-06-09T17:17:17.216+0000] {processor.py:830} INFO - Processing file /opt/airflow/dags/scrape_dag.py for tasks to queue
[2026-06-09T17:17:17.218+0000] {logging_mixin.py:188} INFO - [2026-06-09T17:17:17.218+0000] {dagbag.py:545} INFO - Filling up the DagBag from /opt/airflow/dags/scrape_dag.py
[2026-06-09T17:17:17.253+0000] {processor.py:840} INFO - DAG(s) 'news_scraper' retrieved from /opt/airflow/dags/scrape_dag.py
[2026-06-09T17:17:17.302+0000] {logging_mixin.py:188} INFO - [2026-06-09T17:17:17.301+0000] {dag.py:3096} INFO - Sync 1 DAGs
[2026-06-09T17:17:17.347+0000] {logging_mixin.py:188} INFO - [2026-06-09T17:17:17.346+0000] {dag.py:3954} INFO - Setting next_dagrun for news_scraper to 2026-06-08 00:00:00+00:00, run_after=2026-06-09 00:00:00+00:00
[2026-06-09T17:17:17.387+0000] {processor.py:183} INFO - Processing /opt/airflow/dags/scrape_dag.py took 0.182 seconds
[2026-06-09T17:17:47.885+0000] {processor.py:161} INFO - Started process (PID=228) to work on /opt/airflow/dags/scrape_dag.py
[2026-06-09T17:17:47.887+0000] {processor.py:830} INFO - Processing file /opt/airflow/dags/scrape_dag.py for tasks to queue
[2026-06-09T17:17:47.890+0000] {logging_mixin.py:188} INFO - [2026-06-09T17:17:47.890+0000] {dagbag.py:545} INFO - Filling up the DagBag from /opt/airflow/dags/scrape_dag.py
[2026-06-09T17:17:47.926+0000] {processor.py:840} INFO - DAG(s) 'news_scraper' retrieved from /opt/airflow/dags/scrape_dag.py
[2026-06-09T17:17:47.980+0000] {logging_mixin.py:188} INFO - [2026-06-09T17:17:47.980+0000] {dag.py:3096} INFO - Sync 1 DAGs
[2026-06-09T17:17:48.021+0000] {logging_mixin.py:188} INFO - [2026-06-09T17:17:48.020+0000] {dag.py:3954} INFO - Setting next_dagrun for news_scraper to 2026-06-08 00:00:00+00:00, run_after=2026-06-09 00:00:00+00:00
[2026-06-09T17:17:48.055+0000] {processor.py:183} INFO - Processing /opt/airflow/dags/scrape_dag.py took 0.179 seconds
[2026-06-09T17:18:18.559+0000] {processor.py:161} INFO - Started process (PID=233) to work on /opt/airflow/dags/scrape_dag.py
[2026-06-09T17:18:18.561+0000] {processor.py:830} INFO - Processing file /opt/airflow/dags/scrape_dag.py for tasks to queue
[2026-06-09T17:18:18.567+0000] {logging_mixin.py:188} INFO - [2026-06-09T17:18:18.566+0000] {dagbag.py:545} INFO - Filling up the DagBag from /opt/airflow/dags/scrape_dag.py
[2026-06-09T17:18:18.606+0000] {processor.py:840} INFO - DAG(s) 'news_scraper' retrieved from /opt/airflow/dags/scrape_dag.py
[2026-06-09T17:18:18.660+0000] {logging_mixin.py:188} INFO - [2026-06-09T17:18:18.660+0000] {dag.py:3096} INFO - Sync 1 DAGs
[2026-06-09T17:18:18.705+0000] {logging_mixin.py:188} INFO - [2026-06-09T17:18:18.705+0000] {dag.py:3954} INFO - Setting next_dagrun for news_scraper to 2026-06-08 00:00:00+00:00, run_after=2026-06-09 00:00:00+00:00
[2026-06-09T17:18:18.751+0000] {processor.py:183} INFO - Processing /opt/airflow/dags/scrape_dag.py took 0.201 seconds
[2026-06-09T17:18:49.334+0000] {processor.py:161} INFO - Started process (PID=238) to work on /opt/airflow/dags/scrape_dag.py
[2026-06-09T17:18:49.336+0000] {processor.py:830} INFO - Processing file /opt/airflow/dags/scrape_dag.py for tasks to queue
[2026-06-09T17:18:49.340+0000] {logging_mixin.py:188} INFO - [2026-06-09T17:18:49.339+0000] {dagbag.py:545} INFO - Filling up the DagBag from /opt/airflow/dags/scrape_dag.py
[2026-06-09T17:18:49.376+0000] {processor.py:840} INFO - DAG(s) 'news_scraper' retrieved from /opt/airflow/dags/scrape_dag.py
[2026-06-09T17:18:49.426+0000] {logging_mixin.py:188} INFO - [2026-06-09T17:18:49.426+0000] {dag.py:3096} INFO - Sync 1 DAGs
[2026-06-09T17:18:49.467+0000] {logging_mixin.py:188} INFO - [2026-06-09T17:18:49.466+0000] {dag.py:3954} INFO - Setting next_dagrun for news_scraper to 2026-06-08 00:00:00+00:00, run_after=2026-06-09 00:00:00+00:00
[2026-06-09T17:18:49.504+0000] {processor.py:183} INFO - Processing /opt/airflow/dags/scrape_dag.py took 0.182 seconds
[2026-06-09T17:19:19.963+0000] {processor.py:161} INFO - Started process (PID=243) to work on /opt/airflow/dags/scrape_dag.py
[2026-06-09T17:19:19.965+0000] {processor.py:830} INFO - Processing file /opt/airflow/dags/scrape_dag.py for tasks to queue
[2026-06-09T17:19:19.969+0000] {logging_mixin.py:188} INFO - [2026-06-09T17:19:19.968+0000] {dagbag.py:545} INFO - Filling up the DagBag from /opt/airflow/dags/scrape_dag.py
[2026-06-09T17:19:20.004+0000] {processor.py:840} INFO - DAG(s) 'news_scraper' retrieved from /opt/airflow/dags/scrape_dag.py
[2026-06-09T17:19:20.058+0000] {logging_mixin.py:188} INFO - [2026-06-09T17:19:20.057+0000] {dag.py:3096} INFO - Sync 1 DAGs
[2026-06-09T17:19:20.105+0000] {logging_mixin.py:188} INFO - [2026-06-09T17:19:20.105+0000] {dag.py:3954} INFO - Setting next_dagrun for news_scraper to 2026-06-08 00:00:00+00:00, run_after=2026-06-09 00:00:00+00:00
[2026-06-09T17:19:20.148+0000] {processor.py:183} INFO - Processing /opt/airflow/dags/scrape_dag.py took 0.196 seconds
[2026-06-09T17:19:50.355+0000] {processor.py:161} INFO - Started process (PID=248) to work on /opt/airflow/dags/scrape_dag.py
[2026-06-09T17:19:50.357+0000] {processor.py:830} INFO - Processing file /opt/airflow/dags/scrape_dag.py for tasks to queue
[2026-06-09T17:19:50.361+0000] {logging_mixin.py:188} INFO - [2026-06-09T17:19:50.360+0000] {dagbag.py:545} INFO - Filling up the DagBag from /opt/airflow/dags/scrape_dag.py
[2026-06-09T17:19:50.401+0000] {processor.py:840} INFO - DAG(s) 'news_scraper' retrieved from /opt/airflow/dags/scrape_dag.py
[2026-06-09T17:19:50.451+0000] {logging_mixin.py:188} INFO - [2026-06-09T17:19:50.450+0000] {dag.py:3096} INFO - Sync 1 DAGs
[2026-06-09T17:19:50.489+0000] {logging_mixin.py:188} INFO - [2026-06-09T17:19:50.489+0000] {dag.py:3954} INFO - Setting next_dagrun for news_scraper to 2026-06-08 00:00:00+00:00, run_after=2026-06-09 00:00:00+00:00
[2026-06-09T17:19:50.530+0000] {processor.py:183} INFO - Processing /opt/airflow/dags/scrape_dag.py took 0.185 seconds
[2026-06-09T17:20:20.645+0000] {processor.py:161} INFO - Started process (PID=253) to work on /opt/airflow/dags/scrape_dag.py
[2026-06-09T17:20:20.647+0000] {processor.py:830} INFO - Processing file /opt/airflow/dags/scrape_dag.py for tasks to queue
[2026-06-09T17:20:20.649+0000] {logging_mixin.py:188} INFO - [2026-06-09T17:20:20.649+0000] {dagbag.py:545} INFO - Filling up the DagBag from /opt/airflow/dags/scrape_dag.py
[2026-06-09T17:20:20.683+0000] {processor.py:840} INFO - DAG(s) 'news_scraper' retrieved from /opt/airflow/dags/scrape_dag.py
[2026-06-09T17:20:20.732+0000] {logging_mixin.py:188} INFO - [2026-06-09T17:20:20.732+0000] {dag.py:3096} INFO - Sync 1 DAGs
[2026-06-09T17:20:20.769+0000] {logging_mixin.py:188} INFO - [2026-06-09T17:20:20.769+0000] {dag.py:3954} INFO - Setting next_dagrun for news_scraper to 2026-06-08 00:00:00+00:00, run_after=2026-06-09 00:00:00+00:00
[2026-06-09T17:20:20.807+0000] {processor.py:183} INFO - Processing /opt/airflow/dags/scrape_dag.py took 0.170 seconds
[2026-06-09T17:20:50.929+0000] {processor.py:161} INFO - Started process (PID=258) to work on /opt/airflow/dags/scrape_dag.py
[2026-06-09T17:20:50.930+0000] {processor.py:830} INFO - Processing file /opt/airflow/dags/scrape_dag.py for tasks to queue
[2026-06-09T17:20:50.933+0000] {logging_mixin.py:188} INFO - [2026-06-09T17:20:50.933+0000] {dagbag.py:545} INFO - Filling up the DagBag from /opt/airflow/dags/scrape_dag.py
[2026-06-09T17:20:50.967+0000] {processor.py:840} INFO - DAG(s) 'news_scraper' retrieved from /opt/airflow/dags/scrape_dag.py
[2026-06-09T17:20:51.028+0000] {logging_mixin.py:188} INFO - [2026-06-09T17:20:51.027+0000] {dag.py:3096} INFO - Sync 1 DAGs
[2026-06-09T17:20:51.073+0000] {logging_mixin.py:188} INFO - [2026-06-09T17:20:51.073+0000] {dag.py:3954} INFO - Setting next_dagrun for news_scraper to 2026-06-08 00:00:00+00:00, run_after=2026-06-09 00:00:00+00:00
[2026-06-09T17:20:51.117+0000] {processor.py:183} INFO - Processing /opt/airflow/dags/scrape_dag.py took 0.196 seconds
[2026-06-09T17:21:21.241+0000] {processor.py:161} INFO - Started process (PID=263) to work on /opt/airflow/dags/scrape_dag.py
[2026-06-09T17:21:21.243+0000] {processor.py:830} INFO - Processing file /opt/airflow/dags/scrape_dag.py for tasks to queue
[2026-06-09T17:21:21.246+0000] {logging_mixin.py:188} INFO - [2026-06-09T17:21:21.245+0000] {dagbag.py:545} INFO - Filling up the DagBag from /opt/airflow/dags/scrape_dag.py
[2026-06-09T17:21:21.282+0000] {processor.py:840} INFO - DAG(s) 'news_scraper' retrieved from /opt/airflow/dags/scrape_dag.py
[2026-06-09T17:21:21.334+0000] {logging_mixin.py:188} INFO - [2026-06-09T17:21:21.334+0000] {dag.py:3096} INFO - Sync 1 DAGs
[2026-06-09T17:21:21.377+0000] {logging_mixin.py:188} INFO - [2026-06-09T17:21:21.377+0000] {dag.py:3954} INFO - Setting next_dagrun for news_scraper to 2026-06-08 00:00:00+00:00, run_after=2026-06-09 00:00:00+00:00
[2026-06-09T17:21:21.447+0000] {processor.py:183} INFO - Processing /opt/airflow/dags/scrape_dag.py took 0.215 seconds
[2026-06-09T17:21:51.909+0000] {processor.py:161} INFO - Started process (PID=268) to work on /opt/airflow/dags/scrape_dag.py
[2026-06-09T17:21:51.911+0000] {processor.py:830} INFO - Processing file /opt/airflow/dags/scrape_dag.py for tasks to queue
[2026-06-09T17:21:51.915+0000] {logging_mixin.py:188} INFO - [2026-06-09T17:21:51.915+0000] {dagbag.py:545} INFO - Filling up the DagBag from /opt/airflow/dags/scrape_dag.py
[2026-06-09T17:21:51.955+0000] {processor.py:840} INFO - DAG(s) 'news_scraper' retrieved from /opt/airflow/dags/scrape_dag.py
[2026-06-09T17:21:52.006+0000] {logging_mixin.py:188} INFO - [2026-06-09T17:21:52.006+0000] {dag.py:3096} INFO - Sync 1 DAGs
[2026-06-09T17:21:52.051+0000] {logging_mixin.py:188} INFO - [2026-06-09T17:21:52.050+0000] {dag.py:3954} INFO - Setting next_dagrun for news_scraper to 2026-06-08 00:00:00+00:00, run_after=2026-06-09 00:00:00+00:00
[2026-06-09T17:21:52.091+0000] {processor.py:183} INFO - Processing /opt/airflow/dags/scrape_dag.py took 0.190 seconds
[2026-06-09T17:22:22.411+0000] {processor.py:161} INFO - Started process (PID=273) to work on /opt/airflow/dags/scrape_dag.py
[2026-06-09T17:22:22.413+0000] {processor.py:830} INFO - Processing file /opt/airflow/dags/scrape_dag.py for tasks to queue
[2026-06-09T17:22:22.416+0000] {logging_mixin.py:188} INFO - [2026-06-09T17:22:22.416+0000] {dagbag.py:545} INFO - Filling up the DagBag from /opt/airflow/dags/scrape_dag.py
[2026-06-09T17:22:22.452+0000] {processor.py:840} INFO - DAG(s) 'news_scraper' retrieved from /opt/airflow/dags/scrape_dag.py
[2026-06-09T17:22:22.500+0000] {logging_mixin.py:188} INFO - [2026-06-09T17:22:22.499+0000] {dag.py:3096} INFO - Sync 1 DAGs
[2026-06-09T17:22:22.537+0000] {logging_mixin.py:188} INFO - [2026-06-09T17:22:22.536+0000] {dag.py:3954} INFO - Setting next_dagrun for news_scraper to 2026-06-08 00:00:00+00:00, run_after=2026-06-09 00:00:00+00:00
[2026-06-09T17:22:22.578+0000] {processor.py:183} INFO - Processing /opt/airflow/dags/scrape_dag.py took 0.177 seconds
[2026-06-09T17:22:52.735+0000] {processor.py:161} INFO - Started process (PID=278) to work on /opt/airflow/dags/scrape_dag.py
[2026-06-09T17:22:52.737+0000] {processor.py:830} INFO - Processing file /opt/airflow/dags/scrape_dag.py for tasks to queue
[2026-06-09T17:22:52.740+0000] {logging_mixin.py:188} INFO - [2026-06-09T17:22:52.740+0000] {dagbag.py:545} INFO - Filling up the DagBag from /opt/airflow/dags/scrape_dag.py
[2026-06-09T17:22:52.788+0000] {processor.py:840} INFO - DAG(s) 'news_scraper' retrieved from /opt/airflow/dags/scrape_dag.py
[2026-06-09T17:22:52.853+0000] {logging_mixin.py:188} INFO - [2026-06-09T17:22:52.852+0000] {dag.py:3096} INFO - Sync 1 DAGs
[2026-06-09T17:22:52.897+0000] {logging_mixin.py:188} INFO - [2026-06-09T17:22:52.897+0000] {dag.py:3954} INFO - Setting next_dagrun for news_scraper to 2026-06-08 00:00:00+00:00, run_after=2026-06-09 00:00:00+00:00
[2026-06-09T17:22:52.948+0000] {processor.py:183} INFO - Processing /opt/airflow/dags/scrape_dag.py took 0.223 seconds
[2026-06-09T17:23:23.116+0000] {processor.py:161} INFO - Started process (PID=283) to work on /opt/airflow/dags/scrape_dag.py
[2026-06-09T17:23:23.119+0000] {processor.py:830} INFO - Processing file /opt/airflow/dags/scrape_dag.py for tasks to queue
[2026-06-09T17:23:23.123+0000] {logging_mixin.py:188} INFO - [2026-06-09T17:23:23.122+0000] {dagbag.py:545} INFO - Filling up the DagBag from /opt/airflow/dags/scrape_dag.py
[2026-06-09T17:23:23.164+0000] {processor.py:840} INFO - DAG(s) 'news_scraper' retrieved from /opt/airflow/dags/scrape_dag.py
[2026-06-09T17:23:23.547+0000] {logging_mixin.py:188} INFO - [2026-06-09T17:23:23.546+0000] {dag.py:3096} INFO - Sync 1 DAGs
[2026-06-09T17:23:23.597+0000] {logging_mixin.py:188} INFO - [2026-06-09T17:23:23.597+0000] {dag.py:3954} INFO - Setting next_dagrun for news_scraper to 2026-06-08 00:00:00+00:00, run_after=2026-06-09 00:00:00+00:00
[2026-06-09T17:23:24.048+0000] {processor.py:183} INFO - Processing /opt/airflow/dags/scrape_dag.py took 0.941 seconds
[2026-06-09T17:23:54.282+0000] {processor.py:161} INFO - Started process (PID=288) to work on /opt/airflow/dags/scrape_dag.py
[2026-06-09T17:23:54.284+0000] {processor.py:830} INFO - Processing file /opt/airflow/dags/scrape_dag.py for tasks to queue
[2026-06-09T17:23:54.289+0000] {logging_mixin.py:188} INFO - [2026-06-09T17:23:54.288+0000] {dagbag.py:545} INFO - Filling up the DagBag from /opt/airflow/dags/scrape_dag.py
[2026-06-09T17:23:54.346+0000] {processor.py:840} INFO - DAG(s) 'news_scraper' retrieved from /opt/airflow/dags/scrape_dag.py
[2026-06-09T17:23:54.422+0000] {logging_mixin.py:188} INFO - [2026-06-09T17:23:54.421+0000] {dag.py:3096} INFO - Sync 1 DAGs
[2026-06-09T17:23:54.491+0000] {logging_mixin.py:188} INFO - [2026-06-09T17:23:54.491+0000] {dag.py:3954} INFO - Setting next_dagrun for news_scraper to 2026-06-08 00:00:00+00:00, run_after=2026-06-09 00:00:00+00:00
[2026-06-09T17:23:54.541+0000] {processor.py:183} INFO - Processing /opt/airflow/dags/scrape_dag.py took 0.272 seconds
[2026-06-09T17:24:25.648+0000] {processor.py:161} INFO - Started process (PID=293) to work on /opt/airflow/dags/scrape_dag.py
[2026-06-09T17:24:25.657+0000] {processor.py:830} INFO - Processing file /opt/airflow/dags/scrape_dag.py for tasks to queue
[2026-06-09T17:24:25.668+0000] {logging_mixin.py:188} INFO - [2026-06-09T17:24:25.667+0000] {dagbag.py:545} INFO - Filling up the DagBag from /opt/airflow/dags/scrape_dag.py
[2026-06-09T17:24:26.142+0000] {processor.py:840} INFO - DAG(s) 'news_scraper' retrieved from /opt/airflow/dags/scrape_dag.py
[2026-06-09T17:24:26.440+0000] {logging_mixin.py:188} INFO - [2026-06-09T17:24:26.439+0000] {dag.py:3096} INFO - Sync 1 DAGs
[2026-06-09T17:24:26.685+0000] {logging_mixin.py:188} INFO - [2026-06-09T17:24:26.684+0000] {dag.py:3954} INFO - Setting next_dagrun for news_scraper to 2026-06-08 00:00:00+00:00, run_after=2026-06-09 00:00:00+00:00
[2026-06-09T17:24:26.983+0000] {processor.py:183} INFO - Processing /opt/airflow/dags/scrape_dag.py took 1.373 seconds
[2026-06-09T17:24:58.695+0000] {processor.py:161} INFO - Started process (PID=298) to work on /opt/airflow/dags/scrape_dag.py
[2026-06-09T17:24:58.768+0000] {processor.py:830} INFO - Processing file /opt/airflow/dags/scrape_dag.py for tasks to queue
[2026-06-09T17:24:58.777+0000] {logging_mixin.py:188} INFO - [2026-06-09T17:24:58.775+0000] {dagbag.py:545} INFO - Filling up the DagBag from /opt/airflow/dags/scrape_dag.py
[2026-06-09T17:24:59.038+0000] {processor.py:840} INFO - DAG(s) 'news_scraper' retrieved from /opt/airflow/dags/scrape_dag.py
[2026-06-09T17:24:59.173+0000] {logging_mixin.py:188} INFO - [2026-06-09T17:24:59.172+0000] {dag.py:3096} INFO - Sync 1 DAGs
[2026-06-09T17:24:59.225+0000] {logging_mixin.py:188} INFO - [2026-06-09T17:24:59.224+0000] {dag.py:3954} INFO - Setting next_dagrun for news_scraper to 2026-06-08 00:00:00+00:00, run_after=2026-06-09 00:00:00+00:00
[2026-06-09T17:24:59.593+0000] {processor.py:183} INFO - Processing /opt/airflow/dags/scrape_dag.py took 0.923 seconds
[2026-06-09T17:25:30.419+0000] {processor.py:161} INFO - Started process (PID=303) to work on /opt/airflow/dags/scrape_dag.py
[2026-06-09T17:25:30.427+0000] {processor.py:830} INFO - Processing file /opt/airflow/dags/scrape_dag.py for tasks to queue
[2026-06-09T17:25:30.447+0000] {logging_mixin.py:188} INFO - [2026-06-09T17:25:30.440+0000] {dagbag.py:545} INFO - Filling up the DagBag from /opt/airflow/dags/scrape_dag.py
[2026-06-09T17:25:30.621+0000] {processor.py:840} INFO - DAG(s) 'news_scraper' retrieved from /opt/airflow/dags/scrape_dag.py
[2026-06-09T17:25:30.859+0000] {logging_mixin.py:188} INFO - [2026-06-09T17:25:30.858+0000] {dag.py:3096} INFO - Sync 1 DAGs
[2026-06-09T17:25:32.395+0000] {logging_mixin.py:188} INFO - [2026-06-09T17:25:32.394+0000] {dag.py:3954} INFO - Setting next_dagrun for news_scraper to 2026-06-09 00:00:00+00:00, run_after=2026-06-10 00:00:00+00:00
[2026-06-09T17:25:32.620+0000] {processor.py:183} INFO - Processing /opt/airflow/dags/scrape_dag.py took 2.236 seconds
[2026-06-09T17:26:03.271+0000] {processor.py:161} INFO - Started process (PID=316) to work on /opt/airflow/dags/scrape_dag.py
[2026-06-09T17:26:03.275+0000] {processor.py:830} INFO - Processing file /opt/airflow/dags/scrape_dag.py for tasks to queue
[2026-06-09T17:26:03.289+0000] {logging_mixin.py:188} INFO - [2026-06-09T17:26:03.284+0000] {dagbag.py:545} INFO - Filling up the DagBag from /opt/airflow/dags/scrape_dag.py
[2026-06-09T17:26:03.442+0000] {processor.py:840} INFO - DAG(s) 'news_scraper' retrieved from /opt/airflow/dags/scrape_dag.py
[2026-06-09T17:26:03.716+0000] {logging_mixin.py:188} INFO - [2026-06-09T17:26:03.715+0000] {dag.py:3096} INFO - Sync 1 DAGs
[2026-06-09T17:26:04.033+0000] {logging_mixin.py:188} INFO - [2026-06-09T17:26:04.032+0000] {dag.py:3954} INFO - Setting next_dagrun for news_scraper to 2026-06-09 00:00:00+00:00, run_after=2026-06-10 00:00:00+00:00
[2026-06-09T17:26:04.192+0000] {processor.py:183} INFO - Processing /opt/airflow/dags/scrape_dag.py took 0.990 seconds
[2026-06-09T17:26:34.735+0000] {processor.py:161} INFO - Started process (PID=321) to work on /opt/airflow/dags/scrape_dag.py
[2026-06-09T17:26:34.738+0000] {processor.py:830} INFO - Processing file /opt/airflow/dags/scrape_dag.py for tasks to queue
[2026-06-09T17:26:34.743+0000] {logging_mixin.py:188} INFO - [2026-06-09T17:26:34.742+0000] {dagbag.py:545} INFO - Filling up the DagBag from /opt/airflow/dags/scrape_dag.py
[2026-06-09T17:26:34.802+0000] {processor.py:840} INFO - DAG(s) 'news_scraper' retrieved from /opt/airflow/dags/scrape_dag.py
[2026-06-09T17:26:34.874+0000] {logging_mixin.py:188} INFO - [2026-06-09T17:26:34.874+0000] {dag.py:3096} INFO - Sync 1 DAGs
[2026-06-09T17:26:34.945+0000] {logging_mixin.py:188} INFO - [2026-06-09T17:26:34.944+0000] {dag.py:3954} INFO - Setting next_dagrun for news_scraper to 2026-06-09 00:00:00+00:00, run_after=2026-06-10 00:00:00+00:00
[2026-06-09T17:26:35.002+0000] {processor.py:183} INFO - Processing /opt/airflow/dags/scrape_dag.py took 0.280 seconds
[2026-06-09T17:27:05.200+0000] {processor.py:161} INFO - Started process (PID=326) to work on /opt/airflow/dags/scrape_dag.py
[2026-06-09T17:27:05.203+0000] {processor.py:830} INFO - Processing file /opt/airflow/dags/scrape_dag.py for tasks to queue
[2026-06-09T17:27:05.207+0000] {logging_mixin.py:188} INFO - [2026-06-09T17:27:05.207+0000] {dagbag.py:545} INFO - Filling up the DagBag from /opt/airflow/dags/scrape_dag.py
[2026-06-09T17:27:05.244+0000] {processor.py:840} INFO - DAG(s) 'news_scraper' retrieved from /opt/airflow/dags/scrape_dag.py
[2026-06-09T17:27:05.298+0000] {logging_mixin.py:188} INFO - [2026-06-09T17:27:05.297+0000] {dag.py:3096} INFO - Sync 1 DAGs
[2026-06-09T17:27:05.339+0000] {logging_mixin.py:188} INFO - [2026-06-09T17:27:05.339+0000] {dag.py:3954} INFO - Setting next_dagrun for news_scraper to 2026-06-09 00:00:00+00:00, run_after=2026-06-10 00:00:00+00:00
[2026-06-09T17:27:06.442+0000] {processor.py:183} INFO - Processing /opt/airflow/dags/scrape_dag.py took 1.252 seconds
[2026-06-09T17:27:36.568+0000] {processor.py:161} INFO - Started process (PID=331) to work on /opt/airflow/dags/scrape_dag.py
[2026-06-09T17:27:36.571+0000] {processor.py:830} INFO - Processing file /opt/airflow/dags/scrape_dag.py for tasks to queue
[2026-06-09T17:27:36.575+0000] {logging_mixin.py:188} INFO - [2026-06-09T17:27:36.574+0000] {dagbag.py:545} INFO - Filling up the DagBag from /opt/airflow/dags/scrape_dag.py
[2026-06-09T17:27:36.621+0000] {processor.py:840} INFO - DAG(s) 'news_scraper' retrieved from /opt/airflow/dags/scrape_dag.py
[2026-06-09T17:27:36.702+0000] {logging_mixin.py:188} INFO - [2026-06-09T17:27:36.702+0000] {dag.py:3096} INFO - Sync 1 DAGs
[2026-06-09T17:27:36.769+0000] {logging_mixin.py:188} INFO - [2026-06-09T17:27:36.769+0000] {dag.py:3954} INFO - Setting next_dagrun for news_scraper to 2026-06-09 00:00:00+00:00, run_after=2026-06-10 00:00:00+00:00
[2026-06-09T17:27:36.824+0000] {processor.py:183} INFO - Processing /opt/airflow/dags/scrape_dag.py took 0.269 seconds
[2026-06-09T17:28:06.996+0000] {processor.py:161} INFO - Started process (PID=336) to work on /opt/airflow/dags/scrape_dag.py
[2026-06-09T17:28:07.000+0000] {processor.py:830} INFO - Processing file /opt/airflow/dags/scrape_dag.py for tasks to queue
[2026-06-09T17:28:07.004+0000] {logging_mixin.py:188} INFO - [2026-06-09T17:28:07.004+0000] {dagbag.py:545} INFO - Filling up the DagBag from /opt/airflow/dags/scrape_dag.py
[2026-06-09T17:28:07.062+0000] {processor.py:840} INFO - DAG(s) 'news_scraper' retrieved from /opt/airflow/dags/scrape_dag.py
[2026-06-09T17:28:07.121+0000] {logging_mixin.py:188} INFO - [2026-06-09T17:28:07.121+0000] {dag.py:3096} INFO - Sync 1 DAGs
[2026-06-09T17:28:07.179+0000] {logging_mixin.py:188} INFO - [2026-06-09T17:28:07.178+0000] {dag.py:3954} INFO - Setting next_dagrun for news_scraper to 2026-06-09 00:00:00+00:00, run_after=2026-06-10 00:00:00+00:00
[2026-06-09T17:28:07.234+0000] {processor.py:183} INFO - Processing /opt/airflow/dags/scrape_dag.py took 0.250 seconds
[2026-06-09T17:28:37.674+0000] {processor.py:161} INFO - Started process (PID=341) to work on /opt/airflow/dags/scrape_dag.py
[2026-06-09T17:28:37.676+0000] {processor.py:830} INFO - Processing file /opt/airflow/dags/scrape_dag.py for tasks to queue
[2026-06-09T17:28:37.681+0000] {logging_mixin.py:188} INFO - [2026-06-09T17:28:37.680+0000] {dagbag.py:545} INFO - Filling up the DagBag from /opt/airflow/dags/scrape_dag.py
[2026-06-09T17:28:37.731+0000] {processor.py:840} INFO - DAG(s) 'news_scraper' retrieved from /opt/airflow/dags/scrape_dag.py
[2026-06-09T17:28:37.786+0000] {logging_mixin.py:188} INFO - [2026-06-09T17:28:37.786+0000] {dag.py:3096} INFO - Sync 1 DAGs
[2026-06-09T17:28:37.836+0000] {logging_mixin.py:188} INFO - [2026-06-09T17:28:37.835+0000] {dag.py:3954} INFO - Setting next_dagrun for news_scraper to 2026-06-09 00:00:00+00:00, run_after=2026-06-10 00:00:00+00:00
[2026-06-09T17:28:37.880+0000] {processor.py:183} INFO - Processing /opt/airflow/dags/scrape_dag.py took 0.219 seconds
[2026-06-09T17:29:08.302+0000] {processor.py:161} INFO - Started process (PID=346) to work on /opt/airflow/dags/scrape_dag.py
[2026-06-09T17:29:08.304+0000] {processor.py:830} INFO - Processing file /opt/airflow/dags/scrape_dag.py for tasks to queue
[2026-06-09T17:29:08.308+0000] {logging_mixin.py:188} INFO - [2026-06-09T17:29:08.307+0000] {dagbag.py:545} INFO - Filling up the DagBag from /opt/airflow/dags/scrape_dag.py
[2026-06-09T17:29:08.350+0000] {processor.py:840} INFO - DAG(s) 'news_scraper' retrieved from /opt/airflow/dags/scrape_dag.py
[2026-06-09T17:29:08.402+0000] {logging_mixin.py:188} INFO - [2026-06-09T17:29:08.401+0000] {dag.py:3096} INFO - Sync 1 DAGs
[2026-06-09T17:29:08.455+0000] {logging_mixin.py:188} INFO - [2026-06-09T17:29:08.455+0000] {dag.py:3954} INFO - Setting next_dagrun for news_scraper to 2026-06-09 00:00:00+00:00, run_after=2026-06-10 00:00:00+00:00
[2026-06-09T17:29:08.497+0000] {processor.py:183} INFO - Processing /opt/airflow/dags/scrape_dag.py took 0.207 seconds
[2026-06-09T17:29:38.638+0000] {processor.py:161} INFO - Started process (PID=351) to work on /opt/airflow/dags/scrape_dag.py
[2026-06-09T17:29:38.641+0000] {processor.py:830} INFO - Processing file /opt/airflow/dags/scrape_dag.py for tasks to queue
[2026-06-09T17:29:38.646+0000] {logging_mixin.py:188} INFO - [2026-06-09T17:29:38.646+0000] {dagbag.py:545} INFO - Filling up the DagBag from /opt/airflow/dags/scrape_dag.py
[2026-06-09T17:29:38.700+0000] {processor.py:840} INFO - DAG(s) 'news_scraper' retrieved from /opt/airflow/dags/scrape_dag.py
[2026-06-09T17:29:38.782+0000] {logging_mixin.py:188} INFO - [2026-06-09T17:29:38.781+0000] {dag.py:3096} INFO - Sync 1 DAGs
[2026-06-09T17:29:38.860+0000] {logging_mixin.py:188} INFO - [2026-06-09T17:29:38.860+0000] {dag.py:3954} INFO - Setting next_dagrun for news_scraper to 2026-06-09 00:00:00+00:00, run_after=2026-06-10 00:00:00+00:00
[2026-06-09T17:29:38.915+0000] {processor.py:183} INFO - Processing /opt/airflow/dags/scrape_dag.py took 0.292 seconds
[2026-06-09T17:30:09.486+0000] {processor.py:161} INFO - Started process (PID=356) to work on /opt/airflow/dags/scrape_dag.py
[2026-06-09T17:30:09.488+0000] {processor.py:830} INFO - Processing file /opt/airflow/dags/scrape_dag.py for tasks to queue
[2026-06-09T17:30:09.492+0000] {logging_mixin.py:188} INFO - [2026-06-09T17:30:09.491+0000] {dagbag.py:545} INFO - Filling up the DagBag from /opt/airflow/dags/scrape_dag.py
[2026-06-09T17:30:09.540+0000] {processor.py:840} INFO - DAG(s) 'news_scraper' retrieved from /opt/airflow/dags/scrape_dag.py
[2026-06-09T17:30:09.600+0000] {logging_mixin.py:188} INFO - [2026-06-09T17:30:09.600+0000] {dag.py:3096} INFO - Sync 1 DAGs
[2026-06-09T17:30:09.689+0000] {logging_mixin.py:188} INFO - [2026-06-09T17:30:09.689+0000] {dag.py:3954} INFO - Setting next_dagrun for news_scraper to 2026-06-09 00:00:00+00:00, run_after=2026-06-10 00:00:00+00:00
[2026-06-09T17:30:09.743+0000] {processor.py:183} INFO - Processing /opt/airflow/dags/scrape_dag.py took 0.269 seconds
[2026-06-09T17:30:40.680+0000] {processor.py:161} INFO - Started process (PID=361) to work on /opt/airflow/dags/scrape_dag.py
[2026-06-09T17:30:40.682+0000] {processor.py:830} INFO - Processing file /opt/airflow/dags/scrape_dag.py for tasks to queue
[2026-06-09T17:30:40.685+0000] {logging_mixin.py:188} INFO - [2026-06-09T17:30:40.684+0000] {dagbag.py:545} INFO - Filling up the DagBag from /opt/airflow/dags/scrape_dag.py
[2026-06-09T17:30:40.722+0000] {processor.py:840} INFO - DAG(s) 'news_scraper' retrieved from /opt/airflow/dags/scrape_dag.py
[2026-06-09T17:30:40.771+0000] {logging_mixin.py:188} INFO - [2026-06-09T17:30:40.771+0000] {dag.py:3096} INFO - Sync 1 DAGs
[2026-06-09T17:30:40.815+0000] {logging_mixin.py:188} INFO - [2026-06-09T17:30:40.815+0000] {dag.py:3954} INFO - Setting next_dagrun for news_scraper to 2026-06-09 00:00:00+00:00, run_after=2026-06-10 00:00:00+00:00
[2026-06-09T17:30:40.854+0000] {processor.py:183} INFO - Processing /opt/airflow/dags/scrape_dag.py took 0.183 seconds
[2026-06-09T17:31:11.785+0000] {processor.py:161} INFO - Started process (PID=371) to work on /opt/airflow/dags/scrape_dag.py
[2026-06-09T17:31:11.787+0000] {processor.py:830} INFO - Processing file /opt/airflow/dags/scrape_dag.py for tasks to queue
[2026-06-09T17:31:11.790+0000] {logging_mixin.py:188} INFO - [2026-06-09T17:31:11.790+0000] {dagbag.py:545} INFO - Filling up the DagBag from /opt/airflow/dags/scrape_dag.py
[2026-06-09T17:31:11.842+0000] {processor.py:840} INFO - DAG(s) 'news_scraper' retrieved from /opt/airflow/dags/scrape_dag.py
[2026-06-09T17:31:11.907+0000] {logging_mixin.py:188} INFO - [2026-06-09T17:31:11.907+0000] {dag.py:3096} INFO - Sync 1 DAGs
[2026-06-09T17:31:11.961+0000] {logging_mixin.py:188} INFO - [2026-06-09T17:31:11.960+0000] {dag.py:3954} INFO - Setting next_dagrun for news_scraper to 2026-06-09 00:00:00+00:00, run_after=2026-06-10 00:00:00+00:00
[2026-06-09T17:31:12.004+0000] {processor.py:183} INFO - Processing /opt/airflow/dags/scrape_dag.py took 0.229 seconds
[2026-06-09T17:31:42.447+0000] {processor.py:161} INFO - Started process (PID=383) to work on /opt/airflow/dags/scrape_dag.py
[2026-06-09T17:31:42.450+0000] {processor.py:830} INFO - Processing file /opt/airflow/dags/scrape_dag.py for tasks to queue
[2026-06-09T17:31:42.460+0000] {logging_mixin.py:188} INFO - [2026-06-09T17:31:42.456+0000] {dagbag.py:545} INFO - Filling up the DagBag from /opt/airflow/dags/scrape_dag.py
[2026-06-09T17:31:42.526+0000] {processor.py:840} INFO - DAG(s) 'news_scraper' retrieved from /opt/airflow/dags/scrape_dag.py
[2026-06-09T17:31:42.717+0000] {logging_mixin.py:188} INFO - [2026-06-09T17:31:42.717+0000] {dag.py:3096} INFO - Sync 1 DAGs
[2026-06-09T17:31:42.787+0000] {logging_mixin.py:188} INFO - [2026-06-09T17:31:42.786+0000] {dag.py:3954} INFO - Setting next_dagrun for news_scraper to 2026-06-09 00:00:00+00:00, run_after=2026-06-10 00:00:00+00:00
[2026-06-09T17:31:42.875+0000] {processor.py:183} INFO - Processing /opt/airflow/dags/scrape_dag.py took 0.445 seconds
[2026-06-09T17:32:13.118+0000] {processor.py:161} INFO - Started process (PID=411) to work on /opt/airflow/dags/scrape_dag.py
[2026-06-09T17:32:13.121+0000] {processor.py:830} INFO - Processing file /opt/airflow/dags/scrape_dag.py for tasks to queue
[2026-06-09T17:32:13.129+0000] {logging_mixin.py:188} INFO - [2026-06-09T17:32:13.127+0000] {dagbag.py:545} INFO - Filling up the DagBag from /opt/airflow/dags/scrape_dag.py
[2026-06-09T17:32:13.216+0000] {processor.py:840} INFO - DAG(s) 'news_scraper' retrieved from /opt/airflow/dags/scrape_dag.py
[2026-06-09T17:32:13.379+0000] {logging_mixin.py:188} INFO - [2026-06-09T17:32:13.378+0000] {dag.py:3096} INFO - Sync 1 DAGs
[2026-06-09T17:32:13.554+0000] {logging_mixin.py:188} INFO - [2026-06-09T17:32:13.553+0000] {dag.py:3954} INFO - Setting next_dagrun for news_scraper to 2026-06-09 00:00:00+00:00, run_after=2026-06-10 00:00:00+00:00
[2026-06-09T17:32:13.657+0000] {processor.py:183} INFO - Processing /opt/airflow/dags/scrape_dag.py took 0.552 seconds
[2026-06-09T17:32:43.799+0000] {processor.py:161} INFO - Started process (PID=421) to work on /opt/airflow/dags/scrape_dag.py
[2026-06-09T17:32:43.802+0000] {processor.py:830} INFO - Processing file /opt/airflow/dags/scrape_dag.py for tasks to queue
[2026-06-09T17:32:43.808+0000] {logging_mixin.py:188} INFO - [2026-06-09T17:32:43.807+0000] {dagbag.py:545} INFO - Filling up the DagBag from /opt/airflow/dags/scrape_dag.py
[2026-06-09T17:32:43.855+0000] {processor.py:840} INFO - DAG(s) 'news_scraper' retrieved from /opt/airflow/dags/scrape_dag.py
[2026-06-09T17:32:43.913+0000] {logging_mixin.py:188} INFO - [2026-06-09T17:32:43.912+0000] {dag.py:3096} INFO - Sync 1 DAGs
[2026-06-09T17:32:43.967+0000] {logging_mixin.py:188} INFO - [2026-06-09T17:32:43.967+0000] {dag.py:3954} INFO - Setting next_dagrun for news_scraper to 2026-06-09 00:00:00+00:00, run_after=2026-06-10 00:00:00+00:00
[2026-06-09T17:32:44.006+0000] {processor.py:183} INFO - Processing /opt/airflow/dags/scrape_dag.py took 0.221 seconds
[2026-06-09T17:33:14.769+0000] {processor.py:161} INFO - Started process (PID=431) to work on /opt/airflow/dags/scrape_dag.py
[2026-06-09T17:33:14.771+0000] {processor.py:830} INFO - Processing file /opt/airflow/dags/scrape_dag.py for tasks to queue
[2026-06-09T17:33:14.776+0000] {logging_mixin.py:188} INFO - [2026-06-09T17:33:14.775+0000] {dagbag.py:545} INFO - Filling up the DagBag from /opt/airflow/dags/scrape_dag.py
[2026-06-09T17:33:14.823+0000] {processor.py:840} INFO - DAG(s) 'news_scraper' retrieved from /opt/airflow/dags/scrape_dag.py
[2026-06-09T17:33:14.888+0000] {logging_mixin.py:188} INFO - [2026-06-09T17:33:14.887+0000] {dag.py:3096} INFO - Sync 1 DAGs
[2026-06-09T17:33:14.938+0000] {logging_mixin.py:188} INFO - [2026-06-09T17:33:14.937+0000] {dag.py:3954} INFO - Setting next_dagrun for news_scraper to 2026-06-09 00:00:00+00:00, run_after=2026-06-10 00:00:00+00:00
[2026-06-09T17:33:14.981+0000] {processor.py:183} INFO - Processing /opt/airflow/dags/scrape_dag.py took 0.225 seconds
[2026-06-09T17:33:45.666+0000] {processor.py:161} INFO - Started process (PID=441) to work on /opt/airflow/dags/scrape_dag.py
[2026-06-09T17:33:45.668+0000] {processor.py:830} INFO - Processing file /opt/airflow/dags/scrape_dag.py for tasks to queue
[2026-06-09T17:33:45.674+0000] {logging_mixin.py:188} INFO - [2026-06-09T17:33:45.673+0000] {dagbag.py:545} INFO - Filling up the DagBag from /opt/airflow/dags/scrape_dag.py
[2026-06-09T17:33:45.717+0000] {processor.py:840} INFO - DAG(s) 'news_scraper' retrieved from /opt/airflow/dags/scrape_dag.py
[2026-06-09T17:33:45.771+0000] {logging_mixin.py:188} INFO - [2026-06-09T17:33:45.770+0000] {dag.py:3096} INFO - Sync 1 DAGs
[2026-06-09T17:33:45.816+0000] {logging_mixin.py:188} INFO - [2026-06-09T17:33:45.816+0000] {dag.py:3954} INFO - Setting next_dagrun for news_scraper to 2026-06-09 00:00:00+00:00, run_after=2026-06-10 00:00:00+00:00
[2026-06-09T17:33:45.851+0000] {processor.py:183} INFO - Processing /opt/airflow/dags/scrape_dag.py took 0.193 seconds
[2026-06-09T17:34:16.552+0000] {processor.py:161} INFO - Started process (PID=451) to work on /opt/airflow/dags/scrape_dag.py
[2026-06-09T17:34:16.554+0000] {processor.py:830} INFO - Processing file /opt/airflow/dags/scrape_dag.py for tasks to queue
[2026-06-09T17:34:16.557+0000] {logging_mixin.py:188} INFO - [2026-06-09T17:34:16.557+0000] {dagbag.py:545} INFO - Filling up the DagBag from /opt/airflow/dags/scrape_dag.py
[2026-06-09T17:34:16.595+0000] {processor.py:840} INFO - DAG(s) 'news_scraper' retrieved from /opt/airflow/dags/scrape_dag.py
[2026-06-09T17:34:16.641+0000] {logging_mixin.py:188} INFO - [2026-06-09T17:34:16.641+0000] {dag.py:3096} INFO - Sync 1 DAGs
[2026-06-09T17:34:16.681+0000] {logging_mixin.py:188} INFO - [2026-06-09T17:34:16.680+0000] {dag.py:3954} INFO - Setting next_dagrun for news_scraper to 2026-06-09 00:00:00+00:00, run_after=2026-06-10 00:00:00+00:00
[2026-06-09T17:34:16.721+0000] {processor.py:183} INFO - Processing /opt/airflow/dags/scrape_dag.py took 0.177 seconds
[2026-06-09T17:34:46.928+0000] {processor.py:161} INFO - Started process (PID=461) to work on /opt/airflow/dags/scrape_dag.py
[2026-06-09T17:34:46.930+0000] {processor.py:830} INFO - Processing file /opt/airflow/dags/scrape_dag.py for tasks to queue
[2026-06-09T17:34:46.934+0000] {logging_mixin.py:188} INFO - [2026-06-09T17:34:46.933+0000] {dagbag.py:545} INFO - Filling up the DagBag from /opt/airflow/dags/scrape_dag.py
[2026-06-09T17:34:46.977+0000] {processor.py:840} INFO - DAG(s) 'news_scraper' retrieved from /opt/airflow/dags/scrape_dag.py
[2026-06-09T17:34:47.028+0000] {logging_mixin.py:188} INFO - [2026-06-09T17:34:47.027+0000] {dag.py:3096} INFO - Sync 1 DAGs
[2026-06-09T17:34:47.071+0000] {logging_mixin.py:188} INFO - [2026-06-09T17:34:47.071+0000] {dag.py:3954} INFO - Setting next_dagrun for news_scraper to 2026-06-09 00:00:00+00:00, run_after=2026-06-10 00:00:00+00:00
[2026-06-09T17:34:47.109+0000] {processor.py:183} INFO - Processing /opt/airflow/dags/scrape_dag.py took 0.190 seconds
[2026-06-09T17:35:17.840+0000] {processor.py:161} INFO - Started process (PID=471) to work on /opt/airflow/dags/scrape_dag.py
[2026-06-09T17:35:17.842+0000] {processor.py:830} INFO - Processing file /opt/airflow/dags/scrape_dag.py for tasks to queue
[2026-06-09T17:35:17.845+0000] {logging_mixin.py:188} INFO - [2026-06-09T17:35:17.845+0000] {dagbag.py:545} INFO - Filling up the DagBag from /opt/airflow/dags/scrape_dag.py
[2026-06-09T17:35:17.883+0000] {processor.py:840} INFO - DAG(s) 'news_scraper' retrieved from /opt/airflow/dags/scrape_dag.py
[2026-06-09T17:35:17.936+0000] {logging_mixin.py:188} INFO - [2026-06-09T17:35:17.936+0000] {dag.py:3096} INFO - Sync 1 DAGs
[2026-06-09T17:35:17.980+0000] {logging_mixin.py:188} INFO - [2026-06-09T17:35:17.980+0000] {dag.py:3954} INFO - Setting next_dagrun for news_scraper to 2026-06-09 00:00:00+00:00, run_after=2026-06-10 00:00:00+00:00
[2026-06-09T17:35:18.022+0000] {processor.py:183} INFO - Processing /opt/airflow/dags/scrape_dag.py took 0.190 seconds
[2026-06-09T17:35:48.591+0000] {processor.py:161} INFO - Started process (PID=481) to work on /opt/airflow/dags/scrape_dag.py
[2026-06-09T17:35:48.593+0000] {processor.py:830} INFO - Processing file /opt/airflow/dags/scrape_dag.py for tasks to queue
[2026-06-09T17:35:48.597+0000] {logging_mixin.py:188} INFO - [2026-06-09T17:35:48.596+0000] {dagbag.py:545} INFO - Filling up the DagBag from /opt/airflow/dags/scrape_dag.py
[2026-06-09T17:35:48.636+0000] {processor.py:840} INFO - DAG(s) 'news_scraper' retrieved from /opt/airflow/dags/scrape_dag.py
[2026-06-09T17:35:48.689+0000] {logging_mixin.py:188} INFO - [2026-06-09T17:35:48.688+0000] {dag.py:3096} INFO - Sync 1 DAGs
[2026-06-09T17:35:48.734+0000] {logging_mixin.py:188} INFO - [2026-06-09T17:35:48.734+0000] {dag.py:3954} INFO - Setting next_dagrun for news_scraper to 2026-06-09 00:00:00+00:00, run_after=2026-06-10 00:00:00+00:00
[2026-06-09T17:35:48.768+0000] {processor.py:183} INFO - Processing /opt/airflow/dags/scrape_dag.py took 0.186 seconds
[2026-06-09T17:36:19.483+0000] {processor.py:161} INFO - Started process (PID=491) to work on /opt/airflow/dags/scrape_dag.py
[2026-06-09T17:36:19.485+0000] {processor.py:830} INFO - Processing file /opt/airflow/dags/scrape_dag.py for tasks to queue
[2026-06-09T17:36:19.490+0000] {logging_mixin.py:188} INFO - [2026-06-09T17:36:19.489+0000] {dagbag.py:545} INFO - Filling up the DagBag from /opt/airflow/dags/scrape_dag.py
[2026-06-09T17:36:19.546+0000] {processor.py:840} INFO - DAG(s) 'news_scraper' retrieved from /opt/airflow/dags/scrape_dag.py
[2026-06-09T17:36:19.603+0000] {logging_mixin.py:188} INFO - [2026-06-09T17:36:19.602+0000] {dag.py:3096} INFO - Sync 1 DAGs
[2026-06-09T17:36:19.650+0000] {logging_mixin.py:188} INFO - [2026-06-09T17:36:19.650+0000] {dag.py:3954} INFO - Setting next_dagrun for news_scraper to 2026-06-09 00:00:00+00:00, run_after=2026-06-10 00:00:00+00:00
[2026-06-09T17:36:19.694+0000] {processor.py:183} INFO - Processing /opt/airflow/dags/scrape_dag.py took 0.223 seconds
[2026-06-09T17:36:50.368+0000] {processor.py:161} INFO - Started process (PID=501) to work on /opt/airflow/dags/scrape_dag.py
[2026-06-09T17:36:50.370+0000] {processor.py:830} INFO - Processing file /opt/airflow/dags/scrape_dag.py for tasks to queue
[2026-06-09T17:36:50.374+0000] {logging_mixin.py:188} INFO - [2026-06-09T17:36:50.374+0000] {dagbag.py:545} INFO - Filling up the DagBag from /opt/airflow/dags/scrape_dag.py
[2026-06-09T17:36:50.443+0000] {processor.py:840} INFO - DAG(s) 'news_scraper' retrieved from /opt/airflow/dags/scrape_dag.py
[2026-06-09T17:36:50.505+0000] {logging_mixin.py:188} INFO - [2026-06-09T17:36:50.504+0000] {dag.py:3096} INFO - Sync 1 DAGs
[2026-06-09T17:36:50.556+0000] {logging_mixin.py:188} INFO - [2026-06-09T17:36:50.555+0000] {dag.py:3954} INFO - Setting next_dagrun for news_scraper to 2026-06-09 00:00:00+00:00, run_after=2026-06-10 00:00:00+00:00
[2026-06-09T17:36:50.607+0000] {processor.py:183} INFO - Processing /opt/airflow/dags/scrape_dag.py took 0.252 seconds
[2026-06-09T17:37:20.995+0000] {processor.py:161} INFO - Started process (PID=511) to work on /opt/airflow/dags/scrape_dag.py
[2026-06-09T17:37:20.998+0000] {processor.py:830} INFO - Processing file /opt/airflow/dags/scrape_dag.py for tasks to queue
[2026-06-09T17:37:21.002+0000] {logging_mixin.py:188} INFO - [2026-06-09T17:37:21.001+0000] {dagbag.py:545} INFO - Filling up the DagBag from /opt/airflow/dags/scrape_dag.py
[2026-06-09T17:37:21.043+0000] {processor.py:840} INFO - DAG(s) 'news_scraper' retrieved from /opt/airflow/dags/scrape_dag.py
[2026-06-09T17:37:21.099+0000] {logging_mixin.py:188} INFO - [2026-06-09T17:37:21.099+0000] {dag.py:3096} INFO - Sync 1 DAGs
[2026-06-09T17:37:21.144+0000] {logging_mixin.py:188} INFO - [2026-06-09T17:37:21.144+0000] {dag.py:3954} INFO - Setting next_dagrun for news_scraper to 2026-06-09 00:00:00+00:00, run_after=2026-06-10 00:00:00+00:00
[2026-06-09T17:37:21.189+0000] {processor.py:183} INFO - Processing /opt/airflow/dags/scrape_dag.py took 0.207 seconds
[2026-06-09T17:37:51.884+0000] {processor.py:161} INFO - Started process (PID=521) to work on /opt/airflow/dags/scrape_dag.py
[2026-06-09T17:37:51.887+0000] {processor.py:830} INFO - Processing file /opt/airflow/dags/scrape_dag.py for tasks to queue
[2026-06-09T17:37:51.896+0000] {logging_mixin.py:188} INFO - [2026-06-09T17:37:51.894+0000] {dagbag.py:545} INFO - Filling up the DagBag from /opt/airflow/dags/scrape_dag.py
[2026-06-09T17:37:51.956+0000] {processor.py:840} INFO - DAG(s) 'news_scraper' retrieved from /opt/airflow/dags/scrape_dag.py
[2026-06-09T17:37:52.022+0000] {logging_mixin.py:188} INFO - [2026-06-09T17:37:52.021+0000] {dag.py:3096} INFO - Sync 1 DAGs
[2026-06-09T17:37:52.073+0000] {logging_mixin.py:188} INFO - [2026-06-09T17:37:52.072+0000] {dag.py:3954} INFO - Setting next_dagrun for news_scraper to 2026-06-09 00:00:00+00:00, run_after=2026-06-10 00:00:00+00:00
[2026-06-09T17:37:52.111+0000] {processor.py:183} INFO - Processing /opt/airflow/dags/scrape_dag.py took 0.239 seconds
[2026-06-09T17:38:22.821+0000] {processor.py:161} INFO - Started process (PID=531) to work on /opt/airflow/dags/scrape_dag.py
[2026-06-09T17:38:22.823+0000] {processor.py:830} INFO - Processing file /opt/airflow/dags/scrape_dag.py for tasks to queue
[2026-06-09T17:38:22.827+0000] {logging_mixin.py:188} INFO - [2026-06-09T17:38:22.826+0000] {dagbag.py:545} INFO - Filling up the DagBag from /opt/airflow/dags/scrape_dag.py
[2026-06-09T17:38:22.878+0000] {processor.py:840} INFO - DAG(s) 'news_scraper' retrieved from /opt/airflow/dags/scrape_dag.py
[2026-06-09T17:38:22.950+0000] {logging_mixin.py:188} INFO - [2026-06-09T17:38:22.949+0000] {dag.py:3096} INFO - Sync 1 DAGs
[2026-06-09T17:38:23.012+0000] {logging_mixin.py:188} INFO - [2026-06-09T17:38:23.011+0000] {dag.py:3954} INFO - Setting next_dagrun for news_scraper to 2026-06-09 00:00:00+00:00, run_after=2026-06-10 00:00:00+00:00
[2026-06-09T17:38:23.060+0000] {processor.py:183} INFO - Processing /opt/airflow/dags/scrape_dag.py took 0.251 seconds
[2026-06-09T17:38:53.739+0000] {processor.py:161} INFO - Started process (PID=541) to work on /opt/airflow/dags/scrape_dag.py
[2026-06-09T17:38:53.741+0000] {processor.py:830} INFO - Processing file /opt/airflow/dags/scrape_dag.py for tasks to queue
[2026-06-09T17:38:53.746+0000] {logging_mixin.py:188} INFO - [2026-06-09T17:38:53.745+0000] {dagbag.py:545} INFO - Filling up the DagBag from /opt/airflow/dags/scrape_dag.py
[2026-06-09T17:38:53.791+0000] {processor.py:840} INFO - DAG(s) 'news_scraper' retrieved from /opt/airflow/dags/scrape_dag.py
[2026-06-09T17:38:53.853+0000] {logging_mixin.py:188} INFO - [2026-06-09T17:38:53.852+0000] {dag.py:3096} INFO - Sync 1 DAGs
[2026-06-09T17:38:53.900+0000] {logging_mixin.py:188} INFO - [2026-06-09T17:38:53.899+0000] {dag.py:3954} INFO - Setting next_dagrun for news_scraper to 2026-06-09 00:00:00+00:00, run_after=2026-06-10 00:00:00+00:00
[2026-06-09T17:38:53.945+0000] {processor.py:183} INFO - Processing /opt/airflow/dags/scrape_dag.py took 0.217 seconds
[2026-06-09T17:39:24.562+0000] {processor.py:161} INFO - Started process (PID=551) to work on /opt/airflow/dags/scrape_dag.py
[2026-06-09T17:39:24.564+0000] {processor.py:830} INFO - Processing file /opt/airflow/dags/scrape_dag.py for tasks to queue
[2026-06-09T17:39:24.567+0000] {logging_mixin.py:188} INFO - [2026-06-09T17:39:24.566+0000] {dagbag.py:545} INFO - Filling up the DagBag from /opt/airflow/dags/scrape_dag.py
[2026-06-09T17:39:24.601+0000] {processor.py:840} INFO - DAG(s) 'news_scraper' retrieved from /opt/airflow/dags/scrape_dag.py
[2026-06-09T17:39:24.648+0000] {logging_mixin.py:188} INFO - [2026-06-09T17:39:24.647+0000] {dag.py:3096} INFO - Sync 1 DAGs
[2026-06-09T17:39:24.689+0000] {logging_mixin.py:188} INFO - [2026-06-09T17:39:24.688+0000] {dag.py:3954} INFO - Setting next_dagrun for news_scraper to 2026-06-09 00:00:00+00:00, run_after=2026-06-10 00:00:00+00:00
[2026-06-09T17:39:24.725+0000] {processor.py:183} INFO - Processing /opt/airflow/dags/scrape_dag.py took 0.174 seconds
[2026-06-09T17:39:54.889+0000] {processor.py:161} INFO - Started process (PID=561) to work on /opt/airflow/dags/scrape_dag.py
[2026-06-09T17:39:54.893+0000] {processor.py:830} INFO - Processing file /opt/airflow/dags/scrape_dag.py for tasks to queue
[2026-06-09T17:39:54.899+0000] {logging_mixin.py:188} INFO - [2026-06-09T17:39:54.897+0000] {dagbag.py:545} INFO - Filling up the DagBag from /opt/airflow/dags/scrape_dag.py
[2026-06-09T17:39:54.978+0000] {processor.py:840} INFO - DAG(s) 'news_scraper' retrieved from /opt/airflow/dags/scrape_dag.py
[2026-06-09T17:39:55.076+0000] {logging_mixin.py:188} INFO - [2026-06-09T17:39:55.075+0000] {dag.py:3096} INFO - Sync 1 DAGs
[2026-06-09T17:39:55.176+0000] {logging_mixin.py:188} INFO - [2026-06-09T17:39:55.175+0000] {dag.py:3954} INFO - Setting next_dagrun for news_scraper to 2026-06-09 00:00:00+00:00, run_after=2026-06-10 00:00:00+00:00
[2026-06-09T17:39:55.238+0000] {processor.py:183} INFO - Processing /opt/airflow/dags/scrape_dag.py took 0.371 seconds
[2026-06-09T17:40:25.525+0000] {processor.py:161} INFO - Started process (PID=571) to work on /opt/airflow/dags/scrape_dag.py
[2026-06-09T17:40:25.527+0000] {processor.py:830} INFO - Processing file /opt/airflow/dags/scrape_dag.py for tasks to queue
[2026-06-09T17:40:25.532+0000] {logging_mixin.py:188} INFO - [2026-06-09T17:40:25.531+0000] {dagbag.py:545} INFO - Filling up the DagBag from /opt/airflow/dags/scrape_dag.py
[2026-06-09T17:40:25.600+0000] {processor.py:840} INFO - DAG(s) 'news_scraper' retrieved from /opt/airflow/dags/scrape_dag.py
[2026-06-09T17:40:25.695+0000] {logging_mixin.py:188} INFO - [2026-06-09T17:40:25.694+0000] {dag.py:3096} INFO - Sync 1 DAGs
[2026-06-09T17:40:25.741+0000] {logging_mixin.py:188} INFO - [2026-06-09T17:40:25.741+0000] {dag.py:3954} INFO - Setting next_dagrun for news_scraper to 2026-06-09 00:00:00+00:00, run_after=2026-06-10 00:00:00+00:00
[2026-06-09T17:40:25.916+0000] {processor.py:183} INFO - Processing /opt/airflow/dags/scrape_dag.py took 0.402 seconds
[2026-06-09T17:40:56.138+0000] {processor.py:161} INFO - Started process (PID=581) to work on /opt/airflow/dags/scrape_dag.py
[2026-06-09T17:40:56.141+0000] {processor.py:830} INFO - Processing file /opt/airflow/dags/scrape_dag.py for tasks to queue
[2026-06-09T17:40:56.146+0000] {logging_mixin.py:188} INFO - [2026-06-09T17:40:56.145+0000] {dagbag.py:545} INFO - Filling up the DagBag from /opt/airflow/dags/scrape_dag.py
[2026-06-09T17:40:56.203+0000] {processor.py:840} INFO - DAG(s) 'news_scraper' retrieved from /opt/airflow/dags/scrape_dag.py
[2026-06-09T17:40:56.270+0000] {logging_mixin.py:188} INFO - [2026-06-09T17:40:56.269+0000] {dag.py:3096} INFO - Sync 1 DAGs
[2026-06-09T17:40:56.319+0000] {logging_mixin.py:188} INFO - [2026-06-09T17:40:56.318+0000] {dag.py:3954} INFO - Setting next_dagrun for news_scraper to 2026-06-09 00:00:00+00:00, run_after=2026-06-10 00:00:00+00:00
[2026-06-09T17:40:56.374+0000] {processor.py:183} INFO - Processing /opt/airflow/dags/scrape_dag.py took 0.251 seconds
[2026-06-09T17:41:26.799+0000] {processor.py:161} INFO - Started process (PID=589) to work on /opt/airflow/dags/scrape_dag.py
[2026-06-09T17:41:26.801+0000] {processor.py:830} INFO - Processing file /opt/airflow/dags/scrape_dag.py for tasks to queue
[2026-06-09T17:41:26.805+0000] {logging_mixin.py:188} INFO - [2026-06-09T17:41:26.804+0000] {dagbag.py:545} INFO - Filling up the DagBag from /opt/airflow/dags/scrape_dag.py
[2026-06-09T17:41:26.867+0000] {processor.py:840} INFO - DAG(s) 'news_scraper' retrieved from /opt/airflow/dags/scrape_dag.py
[2026-06-09T17:41:26.945+0000] {logging_mixin.py:188} INFO - [2026-06-09T17:41:26.945+0000] {dag.py:3096} INFO - Sync 1 DAGs
[2026-06-09T17:41:27.002+0000] {logging_mixin.py:188} INFO - [2026-06-09T17:41:27.001+0000] {dag.py:3954} INFO - Setting next_dagrun for news_scraper to 2026-06-09 00:00:00+00:00, run_after=2026-06-10 00:00:00+00:00
[2026-06-09T17:41:27.044+0000] {processor.py:183} INFO - Processing /opt/airflow/dags/scrape_dag.py took 0.258 seconds
[2026-06-09T17:41:57.803+0000] {processor.py:161} INFO - Started process (PID=599) to work on /opt/airflow/dags/scrape_dag.py
[2026-06-09T17:41:57.805+0000] {processor.py:830} INFO - Processing file /opt/airflow/dags/scrape_dag.py for tasks to queue
[2026-06-09T17:41:57.811+0000] {logging_mixin.py:188} INFO - [2026-06-09T17:41:57.810+0000] {dagbag.py:545} INFO - Filling up the DagBag from /opt/airflow/dags/scrape_dag.py
[2026-06-09T17:41:57.866+0000] {processor.py:840} INFO - DAG(s) 'news_scraper' retrieved from /opt/airflow/dags/scrape_dag.py
[2026-06-09T17:41:57.927+0000] {logging_mixin.py:188} INFO - [2026-06-09T17:41:57.927+0000] {dag.py:3096} INFO - Sync 1 DAGs
[2026-06-09T17:41:57.986+0000] {logging_mixin.py:188} INFO - [2026-06-09T17:41:57.986+0000] {dag.py:3954} INFO - Setting next_dagrun for news_scraper to 2026-06-09 00:00:00+00:00, run_after=2026-06-10 00:00:00+00:00
[2026-06-09T17:41:58.035+0000] {processor.py:183} INFO - Processing /opt/airflow/dags/scrape_dag.py took 0.263 seconds
